03-18 21:04:20.480  1862  1862 I KeyboardViewUtil: KeyboardViewUtil.calculateMaxKeyboardBodyHeight():44 leave 473 height for app when screen height:2952, header height:154 and isFullscreenMode:false, so the max keyboard body height is:2325
03-18 21:04:20.480  1862  1862 I DeviceModeUtil: DeviceModeUtil.getDeviceMode():117 Get device mode phone by ui mode:1 and smallestScreenWidthDp:411
03-18 21:04:20.481  1862  1862 I KeyboardViewUtil: KeyboardViewUtil.calculateMaxKeyboardBodyHeight():44 leave 473 height for app when screen height:2952, header height:154 and isFullscreenMode:false, so the max keyboard body height is:2325
03-18 21:04:20.482  1862  1862 I DeviceModeUtil: DeviceModeUtil.getDeviceMode():117 Get device mode phone by ui mode:1 and smallestScreenWidthDp:411
03-18 21:04:20.484  1862  1862 I DeviceModeUtil: DeviceModeUtil.getDeviceMode():117 Get device mode phone by ui mode:1 and smallestScreenWidthDp:411
03-18 21:04:20.484  1862  1862 I DeviceModeUtil: DeviceModeUtil.getDeviceMode():117 Get device mode phone by ui mode:1 and smallestScreenWidthDp:411
03-18 21:04:20.484  1862  1862 I NormalModeController: NormalModeController.getKeyboardBodyViewHolderPaddingBottom():111 currentPrimeKeyboardType:SOFT systemPaddingBottom:-1
03-18 21:04:20.484  1862  1862 I NormalModeController: NormalModeController.getKeyboardBodyViewHolderPaddingBottom():111 currentPrimeKeyboardType:SOFT systemPaddingBottom:-1
03-18 21:04:20.488  1862  1862 I ProactiveSuggestionsHolderManager: ProactiveSuggestionsHolderManager$3.display():214 Requesting to show proactive suggestions: CLIPBOARD PREEMPTIVE_WITH_SUPPRESSION
03-18 21:04:20.490  1862  1862 I VoiceImeExtension: VoiceImeExtension.shouldStartVoiceInputAutomatically():382 No private IME option set to start voice input.
03-18 21:04:20.496 29950 29950 W OnBackInvokedCallback: OnBackInvokedCallback is not enabled for the application.
03-18 21:04:20.496 29950 29950 W OnBackInvokedCallback: Set 'android:enableOnBackInvokedCallback="true"' in the application manifest.
03-18 21:04:20.496 29950 29950 D InsetsController: show(ime(), fromIme=true)
03-18 21:04:20.507 10879 10879 D BoundBrokerSvc: onBind: Intent { act=com.google.android.gms.common.BIND_SHARED_PREFS pkg=com.google.android.gms }
03-18 21:04:20.508 10879 10879 D BoundBrokerSvc: Loading bound service for intent: Intent { act=com.google.android.gms.common.BIND_SHARED_PREFS pkg=com.google.android.gms }
03-18 21:04:20.509  1862  2559 D EGL_emulation: app_time_stats: avg=86.76ms min=3.97ms max=456.01ms count=14
03-18 21:04:20.511  1862  1862 I DeviceModeUtil: DeviceModeUtil.getDeviceMode():117 Get device mode phone by ui mode:1 and smallestScreenWidthDp:411
03-18 21:04:20.514 10879 10879 D BoundBrokerSvc: onUnbind: Intent { act=com.google.android.gms.common.BIND_SHARED_PREFS pkg=com.google.android.gms }
03-18 21:04:20.514  1862  1862 I DeviceModeUtil: DeviceModeUtil.getDeviceMode():117 Get device mode phone by ui mode:1 and smallestScreenWidthDp:411
03-18 21:04:20.515  1862  1862 I NormalModeController: NormalModeController.getKeyboardBodyViewHolderPaddingBottom():111 currentPrimeKeyboardType:SOFT systemPaddingBottom:-1
03-18 21:04:20.517  1862  2720 I Delight5Decoder: Delight5DecoderWrapper.setKeyboardLayout():442 setKeyboardLayout()
03-18 21:04:20.518   471   484 W TransactionTracing: Could not find layer handle 0x78c1d02ab830
03-18 21:04:20.530 10879 10879 D BoundBrokerSvc: onBind: Intent { act=com.google.android.gms.common.BIND_SHARED_PREFS pkg=com.google.android.gms }
03-18 21:04:20.530 10879 10879 D BoundBrokerSvc: Loading bound service for intent: Intent { act=com.google.android.gms.common.BIND_SHARED_PREFS pkg=com.google.android.gms }
03-18 21:04:20.534 10879 10879 D BoundBrokerSvc: onUnbind: Intent { act=com.google.android.gms.common.BIND_SHARED_PREFS pkg=com.google.android.gms }
03-18 21:04:20.677  1862  1862 W TooltipLifecycleManager: TooltipLifecycleManager.dismissTooltips():159 Tooltip with id spell_check_add_to_dictionary not found in tooltipManager.
03-18 21:04:20.687 29950 29950 D UiControllerImpl: Injecting string: "This is a massage from the app"
03-18 21:04:20.714  1091  1173 D EGL_emulation: app_time_stats: avg=2.91ms min=1.06ms max=6.46ms count=32
03-18 21:04:20.720   655  2158 D InputDispatcher: Touch mode switch rejected, caller (pid=0, uid=10160) doesn't own the focused window nor none of the previously interacted window
03-18 21:04:20.762  1862  1862 I KeyboardViewController: KeyboardViewController.lambda$showSelfAndAncestors$6():610 current view doesn't has the priority com.google.android.apps.inputmethod.latin.keyboard.widget.LatinFixedCountCandidatesHolderView{fd83697 I.E...... ......ID 147,0-1279,154 #7f0b13d8 app:id/softkey_holder_fixed_candidates} to show itself, PREEMPTIVE
03-18 21:04:20.842  1862  1862 I KeyboardViewController: KeyboardViewController.lambda$showSelfAndAncestors$6():610 current view doesn't has the priority com.google.android.apps.inputmethod.latin.keyboard.widget.LatinFixedCountCandidatesHolderView{fd83697 I.E...... ......ID 147,0-1279,154 #7f0b13d8 app:id/softkey_holder_fixed_candidates} to show itself, PREEMPTIVE
03-18 21:04:20.892  1862  1862 I KeyboardViewController: KeyboardViewController.lambda$showSelfAndAncestors$6():610 current view doesn't has the priority com.google.android.apps.inputmethod.latin.keyboard.widget.LatinFixedCountCandidatesHolderView{fd83697 I.E...... ......ID 147,0-1279,154 #7f0b13d8 app:id/softkey_holder_fixed_candidates} to show itself, PREEMPTIVE
03-18 21:04:20.951  1862  1862 I KeyboardViewController: KeyboardViewController.lambda$showSelfAndAncestors$6():610 current view doesn't has the priority com.google.android.apps.inputmethod.latin.keyboard.widget.LatinFixedCountCandidatesHolderView{fd83697 I.E...... ......ID 147,0-1279,154 #7f0b13d8 app:id/softkey_holder_fixed_candidates} to show itself, PREEMPTIVE
03-18 21:04:21.001  1862  2720 I native  : I0000 00:00:1679184261.001743    2720 input-context-store.cc:162] Ignoring stale client request for OverrideDecodedCandidates
03-18 21:04:21.009  1862  1862 W InputContextProxy: InputContextProxy.applyClientDiffInternal():920 Ignore [FetchSuggestions] diff due to stale request: 1339<1342, inputStateId=0, lastInputStateId=1054
03-18 21:04:21.011  1862  2720 W Delight5Decoder: Delight5DecoderWrapper.shouldAbandonMessage():1901 Detected old [FetchSuggestions] request in background: 1341<1342
03-18 21:04:21.042  1862  1862 W InputContextProxy: InputContextProxy.applyClientDiffInternal():920 Ignore [FetchSuggestions] diff due to stale request: 1344<1345, inputStateId=1056, lastInputStateId=1057
03-18 21:04:21.047  1862  1862 I KeyboardViewController: KeyboardViewController.lambda$showSelfAndAncestors$6():610 current view doesn't has the priority com.google.android.apps.inputmethod.latin.keyboard.widget.LatinFixedCountCandidatesHolderView{fd83697 I.E...... ......ID 147,0-1279,154 #7f0b13d8 app:id/softkey_holder_fixed_candidates} to show itself, PREEMPTIVE
03-18 21:04:21.079  1862  1862 I KeyboardViewController: KeyboardViewController.lambda$showSelfAndAncestors$6():610 current view doesn't has the priority com.google.android.apps.inputmethod.latin.keyboard.widget.LatinFixedCountCandidatesHolderView{fd83697 I.E...... ......ID 147,0-1279,154 #7f0b13d8 app:id/softkey_holder_fixed_candidates} to show itself, PREEMPTIVE
03-18 21:04:21.085   471   484 W TransactionTracing: Could not find layer id -1
03-18 21:04:21.085   471   484 W TransactionTracing: Could not find layer id -1
03-18 21:04:21.102  1862  2720 W Delight5Decoder: Delight5DecoderWrapper.shouldAbandonMessage():1901 Detected old [FetchSuggestions] request in background: 1350<1351
03-18 21:04:21.167  1862  1862 I KeyboardViewController: KeyboardViewController.lambda$showSelfAndAncestors$6():610 current view doesn't has the priority com.google.android.apps.inputmethod.latin.keyboard.widget.LatinFixedCountCandidatesHolderView{fd83697 I.E...... ......ID 147,0-1279,154 #7f0b13d8 app:id/softkey_holder_fixed_candidates} to show itself, PREEMPTIVE
03-18 21:04:21.202  1862  1862 W InputContextProxy: InputContextProxy.applyClientDiffInternal():920 Ignore [FetchSuggestions] diff due to stale request: 1355<1358, inputStateId=1068, lastInputStateId=1070
03-18 21:04:21.205  1862  2720 W Delight5Decoder: Delight5DecoderWrapper.shouldAbandonMessage():1901 Detected old [FetchSuggestions] request in background: 1357<1358
03-18 21:04:21.267  1862  1862 I KeyboardViewController: KeyboardViewController.lambda$showSelfAndAncestors$6():610 current view doesn't has the priority com.google.android.apps.inputmethod.latin.keyboard.widget.LatinFixedCountCandidatesHolderView{fd83697 I.E...... ......ID 147,0-1279,154 #7f0b13d8 app:id/softkey_holder_fixed_candidates} to show itself, PREEMPTIVE
03-18 21:04:21.300  1862  1862 I KeyboardViewController: KeyboardViewController.lambda$showSelfAndAncestors$6():610 current view doesn't has the priority com.google.android.apps.inputmethod.latin.keyboard.widget.LatinFixedCountCandidatesHolderView{fd83697 I.E...... ......ID 147,0-1279,154 #7f0b13d8 app:id/softkey_holder_fixed_candidates} to show itself, PREEMPTIVE
03-18 21:04:21.334  1862  1862 I KeyboardViewController: KeyboardViewController.lambda$showSelfAndAncestors$6():610 current view doesn't has the priority com.google.android.apps.inputmethod.latin.keyboard.widget.LatinFixedCountCandidatesHolderView{fd83697 I.E...... ......ID 147,0-1279,154 #7f0b13d8 app:id/softkey_holder_fixed_candidates} to show itself, PREEMPTIVE
03-18 21:04:21.369  1862  1862 I KeyboardViewController: KeyboardViewController.lambda$showSelfAndAncestors$6():610 current view doesn't has the priority com.google.android.apps.inputmethod.latin.keyboard.widget.LatinFixedCountCandidatesHolderView{fd83697 I.E...... ......ID 147,0-1279,154 #7f0b13d8 app:id/softkey_holder_fixed_candidates} to show itself, PREEMPTIVE
03-18 21:04:21.387   471   484 W TransactionTracing: Could not find layer id -1
03-18 21:04:21.387   471   484 W TransactionTracing: Could not find layer id -1
03-18 21:04:21.387   471   484 W TransactionTracing: Could not find layer id -1
03-18 21:04:21.387   471   484 W TransactionTracing: Could not find layer id -1
03-18 21:04:21.407  1862  1862 I KeyboardViewController: KeyboardViewController.lambda$showSelfAndAncestors$6():610 current view doesn't has the priority com.google.android.apps.inputmethod.latin.keyboard.widget.LatinFixedCountCandidatesHolderView{fd83697 I.E...... ......ID 147,0-1279,154 #7f0b13d8 app:id/softkey_holder_fixed_candidates} to show itself, PREEMPTIVE
03-18 21:04:21.428 29950 29983 D EGL_emulation: app_time_stats: avg=15.87ms min=2.23ms max=219.61ms count=28
03-18 21:04:21.440  1862  1862 W InputContextProxy: InputContextProxy.applyClientDiffInternal():920 Ignore [FetchSuggestions] diff due to stale request: 1370<1372, inputStateId=1082, lastInputStateId=1083
03-18 21:04:21.478  1862  2720 I native  : I0000 00:00:1679184261.478035    2720 input-context-store.cc:239] Ignoring stale client request for FetchSuggestions
03-18 21:04:21.480  1862  2720 I native  : I0000 00:00:1679184261.479983    2720 input-context-store.cc:162] Ignoring stale client request for OverrideDecodedCandidates
03-18 21:04:21.498  1862  1862 W InputContextProxy: InputContextProxy.applyClientDiffInternal():920 Ignore [FetchSuggestions] diff due to stale request: 1372<1374, inputStateId=0, lastInputStateId=1084
03-18 21:04:21.532  1862  1862 I KeyboardViewController: KeyboardViewController.lambda$showSelfAndAncestors$6():610 current view doesn't has the priority com.google.android.apps.inputmethod.latin.keyboard.widget.LatinFixedCountCandidatesHolderView{fd83697 I.E...... ......ID 147,0-1279,154 #7f0b13d8 app:id/softkey_holder_fixed_candidates} to show itself, PREEMPTIVE
03-18 21:04:21.543  1862  2559 D EGL_emulation: app_time_stats: avg=71.19ms min=3.04ms max=294.77ms count=13
03-18 21:04:21.558   471   484 W TransactionTracing: Could not find layer id -1
03-18 21:04:21.558   471   484 W TransactionTracing: Could not find layer id -1
03-18 21:04:21.558   471   484 W TransactionTracing: Could not find layer id -1
03-18 21:04:21.575  1862  1862 W InputContextProxy: InputContextProxy.applyClientDiffInternal():920 Ignore [FetchSuggestions] diff due to stale request: 1376<1378, inputStateId=1088, lastInputStateId=1090
03-18 21:04:21.601  1862  1862 I KeyboardViewController: KeyboardViewController.lambda$showSelfAndAncestors$6():610 current view doesn't has the priority com.google.android.apps.inputmethod.latin.keyboard.widget.LatinFixedCountCandidatesHolderView{fd83697 I.E...... ......ID 147,0-1279,154 #7f0b13d8 app:id/softkey_holder_fixed_candidates} to show itself, PREEMPTIVE
03-18 21:04:21.606  1862  1862 I KeyboardViewController: KeyboardViewController.lambda$showSelfAndAncestors$6():610 current view doesn't has the priority com.google.android.apps.inputmethod.latin.keyboard.widget.LatinFixedCountCandidatesHolderView{fd83697 I.E...... ......ID 147,0-1279,154 #7f0b13d8 app:id/softkey_holder_fixed_candidates} to show itself, PREEMPTIVE
03-18 21:04:21.691  1862  1862 I KeyboardViewController: KeyboardViewController.lambda$showSelfAndAncestors$6():610 current view doesn't has the priority com.google.android.apps.inputmethod.latin.keyboard.widget.LatinFixedCountCandidatesHolderView{fd83697 I.E...... ......ID 147,0-1279,154 #7f0b13d8 app:id/softkey_holder_fixed_candidates} to show itself, PREEMPTIVE
03-18 21:04:21.740  1862  1862 I KeyboardViewController: KeyboardViewController.lambda$showSelfAndAncestors$6():610 current view doesn't has the priority com.google.android.apps.inputmethod.latin.keyboard.widget.LatinFixedCountCandidatesHolderView{fd83697 I.E...... ......ID 147,0-1279,154 #7f0b13d8 app:id/softkey_holder_fixed_candidates} to show itself, PREEMPTIVE
03-18 21:04:21.748  1091  1173 D EGL_emulation: app_time_stats: avg=3.08ms min=1.60ms max=5.42ms count=33
03-18 21:04:21.799  1862  1862 W InputContextProxy: InputContextProxy.applyClientDiffInternal():920 Ignore [FetchSuggestions] diff due to stale request: 1387<1390, inputStateId=1100, lastInputStateId=1102
03-18 21:04:21.808  1862  2720 I native  : I0000 00:00:1679184261.808056    2720 input-context-store.cc:239] Ignoring stale client request for FetchSuggestions
03-18 21:04:21.814  1862  2720 I native  : I0000 00:00:1679184261.814783    2720 input-context-store.cc:162] Ignoring stale client request for OverrideDecodedCandidates
03-18 21:04:21.815  1862  1862 W InputContextProxy: InputContextProxy.applyClientDiffInternal():920 Ignore [FetchSuggestions] diff due to stale request: 1389<1390, inputStateId=0, lastInputStateId=1102
03-18 21:04:21.866  1862  1862 I KeyboardViewController: KeyboardViewController.lambda$showSelfAndAncestors$6():610 current view doesn't has the priority com.google.android.apps.inputmethod.latin.keyboard.widget.LatinFixedCountCandidatesHolderView{fd83697 I.E...... ......ID 147,0-1279,154 #7f0b13d8 app:id/softkey_holder_fixed_candidates} to show itself, PREEMPTIVE
03-18 21:04:21.907  1862  1862 I KeyboardViewController: KeyboardViewController.lambda$showSelfAndAncestors$6():610 current view doesn't has the priority com.google.android.apps.inputmethod.latin.keyboard.widget.LatinFixedCountCandidatesHolderView{fd83697 I.E...... ......ID 147,0-1279,154 #7f0b13d8 app:id/softkey_holder_fixed_candidates} to show itself, PREEMPTIVE
03-18 21:04:21.944  1862  2720 I native  : I0000 00:00:1679184261.943947    2720 input-context-store.cc:239] Ignoring stale client request for FetchSuggestions
03-18 21:04:21.946  1862  2720 I native  : I0000 00:00:1679184261.946350    2720 input-context-store.cc:162] Ignoring stale client request for OverrideDecodedCandidates
03-18 21:04:21.971  1862  1862 W InputContextProxy: InputContextProxy.applyClientDiffInternal():920 Ignore [FetchSuggestions] diff due to stale request: 1396<1401, inputStateId=0, lastInputStateId=1111
03-18 21:04:21.972  1862  2720 I native  : I0000 00:00:1679184261.972475    2720 input-context-store.cc:162] Ignoring stale client request for OverrideDecodedCandidates
03-18 21:04:21.973  1862  1862 W InputContextProxy: InputContextProxy.applyClientDiffInternal():920 Ignore [FetchSuggestions] diff due to stale request: 1398<1401, inputStateId=0, lastInputStateId=1111
03-18 21:04:21.974  1862  2720 W Delight5Decoder: Delight5DecoderWrapper.shouldAbandonMessage():1901 Detected old [FetchSuggestions] request in background: 1400<1401
03-18 21:04:22.031  1862  1862 I KeyboardViewController: KeyboardViewController.lambda$showSelfAndAncestors$6():610 current view doesn't has the priority com.google.android.apps.inputmethod.latin.keyboard.widget.LatinFixedCountCandidatesHolderView{fd83697 I.E...... ......ID 147,0-1279,154 #7f0b13d8 app:id/softkey_holder_fixed_candidates} to show itself, PREEMPTIVE
03-18 21:04:22.074  1862  1862 I KeyboardViewController: KeyboardViewController.lambda$showSelfAndAncestors$6():610 current view doesn't has the priority com.google.android.apps.inputmethod.latin.keyboard.widget.LatinFixedCountCandidatesHolderView{fd83697 I.E...... ......ID 147,0-1279,154 #7f0b13d8 app:id/softkey_holder_fixed_candidates} to show itself, PREEMPTIVE
03-18 21:04:22.077 29950 29950 I ViewInteraction: Performing 'close keyboard' action on view view.getId() is <2131296457/ca.dal.cs.csci3130.g01:id/et_message>
03-18 21:04:22.078 29950 29950 D IdlingRegistry: Registering idling resources: [androidx.test.espresso.action.CloseKeyboardAction$CloseKeyboardIdlingResult@35d187f]
03-18 21:04:22.083  1862  1862 I GoogleInputMethodService: GoogleInputMethodService.onFinishInputView():2266
03-18 21:04:22.084  1862  1862 W TooltipLifecycleManager: TooltipLifecycleManager.dismissTooltips():159 Tooltip with id spell_check_add_to_dictionary not found in tooltipManager.
03-18 21:04:22.106  1862  1862 I InputBundle: InputBundle.consumeEvent():894 Skip consuming an event as keyboard status is 0
03-18 21:04:22.106  1862  1862 I KeyboardWrapper: KeyboardWrapper.consumeEvent():273 Skip consuming an event as current keyboard is deactivated (state=0, keyboard existence=true)
03-18 21:04:22.106  1862  1862 I VoiceInputManagerWrapper: VoiceInputManagerWrapper.shutdown():77 shutdown()
03-18 21:04:22.106  1862  1862 I AndroidIME: AbstractIme.onDeactivate():213 LatinIme.onDeactivate()
03-18 21:04:22.112  1862  2720 W Delight5Decoder: Delight5DecoderWrapper.shouldAbandonMessage():1901 Detected old [FetchSuggestions] request in background: 1407<1408
03-18 21:04:22.134  1862  5942 E native  : E0000 00:00:1679184262.134899    5942 keyboard.cc:26] Cannot create a keyboard with 0 valid keys
03-18 21:04:22.348  2618  3067 I WorkerManager: dispose()
03-18 21:04:22.348  2618  3067 W A       : Queue length for executor EventBus is now 11. Perhaps some tasks are too long, or the pool is too small.
03-18 21:04:22.424 29950 29950 D IdlingRegistry: Unregistering idling resources: [androidx.test.espresso.action.CloseKeyboardAction$CloseKeyboardIdlingResult@35d187f]
03-18 21:04:22.427 29950 29950 I ViewInteraction: Performing 'single click' action on view view.getId() is <2131296371/ca.dal.cs.csci3130.g01:id/btn_send>
03-18 21:04:22.429  1477  1477 D TaplEvents: TIS / TouchInteractionService.onInputEvent: MotionEvent { action=ACTION_DOWN, actionButton=0, id[0]=0, x[0]=719.0, y[0]=1918.5, toolType[0]=TOOL_TYPE_UNKNOWN, buttonState=BUTTON_PRIMARY, classification=NONE, metaState=0, flags=0x0, edgeFlags=0x0, pointerCount=1, historySize=0, eventTime=14409211, downTime=14409211, deviceId=-1, source=0x1002, displayId=0, eventId=-1011720488 }
03-18 21:04:22.441 29950 29983 D EGL_emulation: app_time_stats: avg=42.45ms min=1.91ms max=279.35ms count=20
03-18 21:04:22.482  1477  1477 D TaplEvents: TIS / TouchInteractionService.onInputEvent: MotionEvent { action=ACTION_UP, actionButton=0, id[0]=0, x[0]=719.0, y[0]=1918.5, toolType[0]=TOOL_TYPE_UNKNOWN, buttonState=BUTTON_PRIMARY, classification=NONE, metaState=0, flags=0x0, edgeFlags=0x0, pointerCount=1, historySize=0, eventTime=14409255, downTime=14409211, deviceId=-1, source=0x1002, displayId=0, eventId=-891303543 }
03-18 21:04:22.557   393 30250 I resolv  : GetAddrInfoHandler::run: {102 102 102 983142 10160 0}
03-18 21:04:22.572   393 30252 I resolv  : GetAddrInfoHandler::run: {102 102 102 983142 10160 0}
03-18 21:04:22.573   393 30253 I resolv  : res_nmkquery: (QUERY, IN, AAAA)
03-18 21:04:22.573   393 30254 I resolv  : res_nmkquery: (QUERY, IN, A)
03-18 21:04:22.613   393 30253 I resolv  : res_nsend: used send_dg 85 terrno: 0
03-18 21:04:22.613   393 30254 I resolv  : res_nsend: used send_dg 73 terrno: 0
03-18 21:04:22.613   393 30253 I resolv  : doQuery: rcode=0, ancount=1, return value=85
03-18 21:04:22.613   393 30254 I resolv  : doQuery: rcode=0, ancount=1, return value=73
03-18 21:04:22.617 29950 30222 D TrafficStats: tagSocket(101) with statsTag=0xffffffff, statsUid=-1
03-18 21:04:22.765  1091  1173 D EGL_emulation: app_time_stats: avg=3.28ms min=1.41ms max=7.60ms count=34
03-18 21:04:22.835   471   484 W TransactionTracing: Could not find layer handle 0x78c1d02abb90
03-18 21:04:22.835   471   484 W TransactionTracing: Could not find layer id -1
03-18 21:04:22.835   471   484 W TransactionTracing: Could not find layer id -1
03-18 21:04:22.835   471   484 W TransactionTracing: Could not find layer id -1
03-18 21:04:22.835   471   484 W TransactionTracing: Could not find layer id -1
03-18 21:04:22.835   471   484 W TransactionTracing: Could not find layer id -1
03-18 21:04:22.835   471   484 W TransactionTracing: Could not find layer id -1
03-18 21:04:23.638 29950 29983 D EGL_emulation: app_time_stats: avg=14.49ms min=1.98ms max=278.72ms count=32
03-18 21:04:23.794  1091  1173 D EGL_emulation: app_time_stats: avg=4.27ms min=1.15ms max=33.25ms count=35
03-18 21:04:24.088   418   458 D goldfish-address-space: claimShared: Ask to claim region [0x3e3e7c000 0x3e3f05000]
03-18 21:04:24.095   418   458 D goldfish-address-space: claimShared: Ask to claim region [0x3e3f05000 0x3e3f8e000]
03-18 21:04:24.098  1091  1173 W Parcel  : Expecting binder but got null!
03-18 21:04:24.098   418   458 D goldfish-address-space: claimShared: Ask to claim region [0x3e0000000 0x3e0089000]
03-18 21:04:24.135   471   484 W TransactionTracing: Could not find layer id -1
03-18 21:04:24.135   471   484 W TransactionTracing: Could not find layer id -1
03-18 21:04:24.194  1077  1077 I wpa_supplicant: wlan0: CTRL-EVENT-BEACON-LOSS
03-18 21:04:24.293 29950 29950 D LifecycleMonitor: Lifecycle status change: ca.dal.cs.csci3130.g01.SendEmails@c10a7d1 in: PAUSED
03-18 21:04:24.293 29950 29950 V ActivityScenario: Activity lifecycle changed event received but ignored because the intent does not match. startActivityIntent=Intent { act=android.intent.action.MAIN cat=[android.intent.category.LAUNCHER] flg=0x10008000 cmp=ca.dal.cs.csci3130.g01/.LoginPage }, activity.getIntent()=Intent { cmp=ca.dal.cs.csci3130.g01/.SendEmails }, activity=ca.dal.cs.csci3130.g01.SendEmails@c10a7d1
03-18 21:04:24.304 29950 29950 D LifecycleMonitor: Lifecycle status change: androidx.test.core.app.InstrumentationActivityInvoker$EmptyActivity@281c9b0 in: PRE_ON_CREATE
03-18 21:04:24.304 29950 29950 V ActivityScenario: Activity lifecycle changed event received but ignored because the intent does not match. startActivityIntent=Intent { act=android.intent.action.MAIN cat=[android.intent.category.LAUNCHER] flg=0x10008000 cmp=ca.dal.cs.csci3130.g01/.LoginPage }, activity.getIntent()=Intent { act=android.intent.action.MAIN cat=[android.intent.category.LAUNCHER] flg=0x10000000 cmp=ca.dal.cs.csci3130.g01/androidx.test.core.app.InstrumentationActivityInvoker$EmptyActivity }, activity=androidx.test.core.app.InstrumentationActivityInvoker$EmptyActivity@281c9b0
03-18 21:04:24.313 29950 29950 D LifecycleMonitor: Lifecycle status change: androidx.test.core.app.InstrumentationActivityInvoker$EmptyActivity@281c9b0 in: CREATED
03-18 21:04:24.314 29950 29950 V ActivityScenario: Activity lifecycle changed event received but ignored because the intent does not match. startActivityIntent=Intent { act=android.intent.action.MAIN cat=[android.intent.category.LAUNCHER] flg=0x10008000 cmp=ca.dal.cs.csci3130.g01/.LoginPage }, activity.getIntent()=Intent { act=android.intent.action.MAIN cat=[android.intent.category.LAUNCHER] flg=0x10000000 cmp=ca.dal.cs.csci3130.g01/androidx.test.core.app.InstrumentationActivityInvoker$EmptyActivity }, activity=androidx.test.core.app.InstrumentationActivityInvoker$EmptyActivity@281c9b0
03-18 21:04:24.316 29950 29950 D LifecycleMonitor: Lifecycle status change: androidx.test.core.app.InstrumentationActivityInvoker$EmptyActivity@281c9b0 in: STARTED
03-18 21:04:24.317 29950 29950 V ActivityScenario: Activity lifecycle changed event received but ignored because the intent does not match. startActivityIntent=Intent { act=android.intent.action.MAIN cat=[android.intent.category.LAUNCHER] flg=0x10008000 cmp=ca.dal.cs.csci3130.g01/.LoginPage }, activity.getIntent()=Intent { act=android.intent.action.MAIN cat=[android.intent.category.LAUNCHER] flg=0x10000000 cmp=ca.dal.cs.csci3130.g01/androidx.test.core.app.InstrumentationActivityInvoker$EmptyActivity }, activity=androidx.test.core.app.InstrumentationActivityInvoker$EmptyActivity@281c9b0
03-18 21:04:24.320 29950 29950 D LifecycleMonitor: Lifecycle status change: androidx.test.core.app.InstrumentationActivityInvoker$EmptyActivity@281c9b0 in: RESUMED
03-18 21:04:24.321 29950 29950 V ActivityScenario: Activity lifecycle changed event received but ignored because the intent does not match. startActivityIntent=Intent { act=android.intent.action.MAIN cat=[android.intent.category.LAUNCHER] flg=0x10008000 cmp=ca.dal.cs.csci3130.g01/.LoginPage }, activity.getIntent()=Intent { act=android.intent.action.MAIN cat=[android.intent.category.LAUNCHER] flg=0x10000000 cmp=ca.dal.cs.csci3130.g01/androidx.test.core.app.InstrumentationActivityInvoker$EmptyActivity }, activity=androidx.test.core.app.InstrumentationActivityInvoker$EmptyActivity@281c9b0
03-18 21:04:24.351   418   458 D goldfish-address-space: claimShared: Ask to claim region [0x3e5c1c000 0x3e6d40000]
03-18 21:04:24.362   418   458 D goldfish-address-space: claimShared: Ask to claim region [0x3ea714000 0x3eb838000]
03-18 21:04:24.372   418   458 D goldfish-address-space: claimShared: Ask to claim region [0x3e8000000 0x3e9124000]
03-18 21:04:24.385   471   484 W TransactionTracing: Could not find layer id -1
03-18 21:04:24.395 29950 29983 W Parcel  : Expecting binder but got null!
03-18 21:04:24.406 29950 29950 D AutofillManager: onActivityFinishing(): calling cancelLocked()
03-18 21:04:24.407 29950 29950 D LifecycleMonitor: Lifecycle status change: ca.dal.cs.csci3130.g01.LoginPage@dbd8d96 in: DESTROYED
03-18 21:04:24.407 29950 29950 V ActivityScenario: Update currentActivityStage to DESTROYED, currentActivity=null
03-18 21:04:24.412   655   781 W InputManager-JNI: Input channel object '4115b0f ca.dal.cs.csci3130.g01/ca.dal.cs.csci3130.g01.LoginPage (client)' was disposed without first being removed with the input manager!
03-18 21:04:24.415   655   687 I ActivityTaskManager: Displayed ca.dal.cs.csci3130.g01/androidx.test.core.app.InstrumentationActivityInvoker$EmptyActivity: +125ms
03-18 21:04:24.430   418   458 D goldfish-address-space: claimShared: Ask to claim region [0x3e0089000 0x3e0b81000]
03-18 21:04:24.438   471   484 W TransactionTracing: Could not find layer handle 0x78c1d02ab0b0
03-18 21:04:24.438   471   484 W TransactionTracing: Could not find layer id -1
03-18 21:04:24.439   471   484 W TransactionTracing: Could not find layer id -1
03-18 21:04:24.447 29950 29950 D LifecycleMonitor: Lifecycle status change: ca.dal.cs.csci3130.g01.SendEmails@c10a7d1 in: STOPPED
03-18 21:04:24.447 29950 29950 V ActivityScenario: Activity lifecycle changed event received but ignored because the intent does not match. startActivityIntent=Intent { act=android.intent.action.MAIN cat=[android.intent.category.LAUNCHER] flg=0x10008000 cmp=ca.dal.cs.csci3130.g01/.LoginPage }, activity.getIntent()=Intent { cmp=ca.dal.cs.csci3130.g01/.SendEmails }, activity=ca.dal.cs.csci3130.g01.SendEmails@c10a7d1
03-18 21:04:24.462 29950 29950 D LifecycleMonitor: Lifecycle status change: androidx.test.core.app.InstrumentationActivityInvoker$EmptyActivity@281c9b0 in: PAUSED
03-18 21:04:24.463 29950 29950 V ActivityScenario: Activity lifecycle changed event received but ignored because the intent does not match. startActivityIntent=Intent { act=android.intent.action.MAIN cat=[android.intent.category.LAUNCHER] flg=0x10008000 cmp=ca.dal.cs.csci3130.g01/.LoginPage }, activity.getIntent()=Intent { act=android.intent.action.MAIN cat=[android.intent.category.LAUNCHER] flg=0x10000000 cmp=ca.dal.cs.csci3130.g01/androidx.test.core.app.InstrumentationActivityInvoker$EmptyActivity }, activity=androidx.test.core.app.InstrumentationActivityInvoker$EmptyActivity@281c9b0
03-18 21:04:24.480 29950 29950 D LifecycleMonitor: Lifecycle status change: ca.dal.cs.csci3130.g01.SendEmails@c10a7d1 in: RESTARTED
03-18 21:04:24.481 29950 29950 V ActivityScenario: Activity lifecycle changed event received but ignored because the intent does not match. startActivityIntent=Intent { act=android.intent.action.MAIN cat=[android.intent.category.LAUNCHER] flg=0x10008000 cmp=ca.dal.cs.csci3130.g01/.LoginPage }, activity.getIntent()=Intent { cmp=ca.dal.cs.csci3130.g01/.SendEmails }, activity=ca.dal.cs.csci3130.g01.SendEmails@c10a7d1
03-18 21:04:24.484 29950 29950 D LifecycleMonitor: Lifecycle status change: ca.dal.cs.csci3130.g01.SendEmails@c10a7d1 in: STARTED
03-18 21:04:24.485 29950 29950 V ActivityScenario: Activity lifecycle changed event received but ignored because the intent does not match. startActivityIntent=Intent { act=android.intent.action.MAIN cat=[android.intent.category.LAUNCHER] flg=0x10008000 cmp=ca.dal.cs.csci3130.g01/.LoginPage }, activity.getIntent()=Intent { cmp=ca.dal.cs.csci3130.g01/.SendEmails }, activity=ca.dal.cs.csci3130.g01.SendEmails@c10a7d1
03-18 21:04:24.486 29950 29950 D LifecycleMonitor: Lifecycle status change: ca.dal.cs.csci3130.g01.SendEmails@c10a7d1 in: RESUMED
03-18 21:04:24.487 29950 29950 V ActivityScenario: Activity lifecycle changed event received but ignored because the intent does not match. startActivityIntent=Intent { act=android.intent.action.MAIN cat=[android.intent.category.LAUNCHER] flg=0x10008000 cmp=ca.dal.cs.csci3130.g01/.LoginPage }, activity.getIntent()=Intent { cmp=ca.dal.cs.csci3130.g01/.SendEmails }, activity=ca.dal.cs.csci3130.g01.SendEmails@c10a7d1
03-18 21:04:24.498   418   458 D goldfish-address-space: claimShared: Ask to claim region [0x3ee8ce000 0x3ef9f2000]
03-18 21:04:24.519   418   458 D goldfish-address-space: claimShared: Ask to claim region [0x3ec000000 0x3ed124000]
03-18 21:04:24.532   418   458 D goldfish-address-space: claimShared: Ask to claim region [0x3e2248000 0x3e336c000]
03-18 21:04:24.569   471   484 W TransactionTracing: Could not find layer id -1
03-18 21:04:24.570   471   484 W TransactionTracing: Could not find layer id -1
03-18 21:04:24.570   471   484 W TransactionTracing: Could not find layer id -1
03-18 21:04:24.570   471   484 W TransactionTracing: Could not find layer id -1
03-18 21:04:24.571   471   484 W TransactionTracing: Could not find layer id -1
03-18 21:04:24.581 29950 29950 D LifecycleMonitor: Lifecycle status change: androidx.test.core.app.InstrumentationActivityInvoker$EmptyActivity@281c9b0 in: STOPPED
03-18 21:04:24.581 29950 29950 V ActivityScenario: Activity lifecycle changed event received but ignored because the intent does not match. startActivityIntent=Intent { act=android.intent.action.MAIN cat=[android.intent.category.LAUNCHER] flg=0x10008000 cmp=ca.dal.cs.csci3130.g01/.LoginPage }, activity.getIntent()=Intent { act=android.intent.action.MAIN cat=[android.intent.category.LAUNCHER] flg=0x10000000 cmp=ca.dal.cs.csci3130.g01/androidx.test.core.app.InstrumentationActivityInvoker$EmptyActivity }, activity=androidx.test.core.app.InstrumentationActivityInvoker$EmptyActivity@281c9b0
03-18 21:04:24.583 29950 29950 D LifecycleMonitor: Lifecycle status change: androidx.test.core.app.InstrumentationActivityInvoker$EmptyActivity@281c9b0 in: DESTROYED
03-18 21:04:24.583 29950 29950 V ActivityScenario: Activity lifecycle changed event received but ignored because the intent does not match. startActivityIntent=Intent { act=android.intent.action.MAIN cat=[android.intent.category.LAUNCHER] flg=0x10008000 cmp=ca.dal.cs.csci3130.g01/.LoginPage }, activity.getIntent()=Intent { act=android.intent.action.MAIN cat=[android.intent.category.LAUNCHER] flg=0x10000000 cmp=ca.dal.cs.csci3130.g01/androidx.test.core.app.InstrumentationActivityInvoker$EmptyActivity }, activity=androidx.test.core.app.InstrumentationActivityInvoker$EmptyActivity@281c9b0
03-18 21:04:24.587   655  2325 W InputManager-JNI: Input channel object 'd80cf64 ca.dal.cs.csci3130.g01/androidx.test.core.app.InstrumentationActivityInvoker$EmptyActivity (client)' was disposed without first being removed with the input manager!
03-18 21:04:24.602   471   484 W TransactionTracing: Could not find layer handle 0x78c1d02a3df0
03-18 21:04:24.602   471   484 W TransactionTracing: Could not find layer handle 0x78c1d02a9670
03-18 21:04:24.615 29950 29981 I TestRunner: finished: testSendEmail(ca.dal.cs.csci3130.g01.ExampleInstrumentedTest)
