03-18 21:04:08.519   471   484 W TransactionTracing: Could not find layer handle 0x78c1d02aba10
03-18 21:04:08.519   471   484 W TransactionTracing: Could not find layer handle 0x78c1d02aba70
03-18 21:04:08.519   471   484 W TransactionTracing: Could not find layer handle 0x78c1d02ade70
03-18 21:04:08.519   471   484 W TransactionTracing: Could not find layer handle 0x78c1d02aba10
03-18 21:04:08.519   471   484 W TransactionTracing: Could not find layer handle 0x78c1d02a5230
03-18 21:04:08.519 29950 29950 D LifecycleMonitor: Lifecycle status change: ca.dal.cs.csci3130.g01.ProvidersListings@1c7a409 in: STOPPED
03-18 21:04:08.520 29950 29950 V ActivityScenario: Activity lifecycle changed event received but ignored because the intent does not match. startActivityIntent=Intent { act=android.intent.action.MAIN cat=[android.intent.category.LAUNCHER] flg=0x10008000 cmp=ca.dal.cs.csci3130.g01/.LoginPage }, activity.getIntent()=Intent { cmp=ca.dal.cs.csci3130.g01/.ProvidersListings (has extras) }, activity=ca.dal.cs.csci3130.g01.ProvidersListings@1c7a409
03-18 21:04:08.552   471   484 W TransactionTracing: Could not find layer handle 0x78c1d02acf70
03-18 21:04:08.578 30162 30162 D CompatibilityChangeReporter: Compat change id reported: 171979766; UID 10067; state: ENABLED
03-18 21:04:08.624 29950 29950 I ViewInteraction: Checking 'MatchesViewAssertion{viewMatcher=(view has effective visibility <VISIBLE> and view.getGlobalVisibleRect() to return non-empty rectangle)}' assertion on view view.getId() is <2131296522/ca.dal.cs.csci3130.g01:id/last_name_edit_text>
03-18 21:04:08.627 29950 29950 I ViewInteraction: Checking 'MatchesViewAssertion{viewMatcher=(view has effective visibility <VISIBLE> and view.getGlobalVisibleRect() to return non-empty rectangle)}' assertion on view view.getId() is <2131296472/ca.dal.cs.csci3130.g01:id/first_name_edit_text>
03-18 21:04:08.632 29950 29950 I ViewInteraction: Checking 'MatchesViewAssertion{viewMatcher=(view has effective visibility <VISIBLE> and view.getGlobalVisibleRect() to return non-empty rectangle)}' assertion on view view.getId() is <2131296450/ca.dal.cs.csci3130.g01:id/email_edit_text>
03-18 21:04:08.636 29950 29950 I ViewInteraction: Checking 'MatchesViewAssertion{viewMatcher=(view has effective visibility <VISIBLE> and view.getGlobalVisibleRect() to return non-empty rectangle)}' assertion on view view.getId() is <2131296840/ca.dal.cs.csci3130.g01:id/username_edit_text>
03-18 21:04:08.642 29950 29950 I ViewInteraction: Checking 'MatchesViewAssertion{viewMatcher=(view has effective visibility <VISIBLE> and view.getGlobalVisibleRect() to return non-empty rectangle)}' assertion on view view.getId() is <2131296488/ca.dal.cs.csci3130.g01:id/goods>
03-18 21:04:08.649 30162 30162 D nativeloader: Configuring classloader-namespace-shared for other apk /system/priv-app/UserDictionaryProvider/UserDictionaryProvider.apk. target_sdk_version=33, uses_libraries=, library_path=/system/priv-app/UserDictionaryProvider/lib/x86_64:/system/lib64:/system_ext/lib64, permitted_path=/data:/mnt/expand:/data/user/0/com.android.providers.userdictionary:/system/priv-app/UserDictionaryProvider:/system/lib64:/system_ext/lib64
03-18 21:04:08.650 29950 29950 I ViewInteraction: Checking 'MatchesViewAssertion{viewMatcher=(view has effective visibility <VISIBLE> and view.getGlobalVisibleRect() to return non-empty rectangle)}' assertion on view view.getId() is <2131296839/ca.dal.cs.csci3130.g01:id/user_type_edit_text>
03-18 21:04:08.676 29950 29950 D LifecycleMonitor: Lifecycle status change: ca.dal.cs.csci3130.g01.Profile@e530387 in: PAUSED
03-18 21:04:08.676 29950 29950 V ActivityScenario: Activity lifecycle changed event received but ignored because the intent does not match. startActivityIntent=Intent { act=android.intent.action.MAIN cat=[android.intent.category.LAUNCHER] flg=0x10008000 cmp=ca.dal.cs.csci3130.g01/.LoginPage }, activity.getIntent()=Intent { cmp=ca.dal.cs.csci3130.g01/.Profile (has extras) }, activity=ca.dal.cs.csci3130.g01.Profile@e530387
03-18 21:04:08.688 29950 29950 D LifecycleMonitor: Lifecycle status change: androidx.test.core.app.InstrumentationActivityInvoker$EmptyActivity@7f58fa9 in: PRE_ON_CREATE
03-18 21:04:08.689 29950 29950 V ActivityScenario: Activity lifecycle changed event received but ignored because the intent does not match. startActivityIntent=Intent { act=android.intent.action.MAIN cat=[android.intent.category.LAUNCHER] flg=0x10008000 cmp=ca.dal.cs.csci3130.g01/.LoginPage }, activity.getIntent()=Intent { act=android.intent.action.MAIN cat=[android.intent.category.LAUNCHER] flg=0x10000000 cmp=ca.dal.cs.csci3130.g01/androidx.test.core.app.InstrumentationActivityInvoker$EmptyActivity }, activity=androidx.test.core.app.InstrumentationActivityInvoker$EmptyActivity@7f58fa9
03-18 21:04:08.700 29950 29950 D LifecycleMonitor: Lifecycle status change: androidx.test.core.app.InstrumentationActivityInvoker$EmptyActivity@7f58fa9 in: CREATED
03-18 21:04:08.701 29950 29950 V ActivityScenario: Activity lifecycle changed event received but ignored because the intent does not match. startActivityIntent=Intent { act=android.intent.action.MAIN cat=[android.intent.category.LAUNCHER] flg=0x10008000 cmp=ca.dal.cs.csci3130.g01/.LoginPage }, activity.getIntent()=Intent { act=android.intent.action.MAIN cat=[android.intent.category.LAUNCHER] flg=0x10000000 cmp=ca.dal.cs.csci3130.g01/androidx.test.core.app.InstrumentationActivityInvoker$EmptyActivity }, activity=androidx.test.core.app.InstrumentationActivityInvoker$EmptyActivity@7f58fa9
03-18 21:04:08.703   471   484 W TransactionTracing: Could not find layer id -1
03-18 21:04:08.703   471   484 W TransactionTracing: Could not find layer id -1
03-18 21:04:08.703   471   484 W TransactionTracing: Could not find layer id -1
03-18 21:04:08.703   471   484 W TransactionTracing: Could not find layer id -1
03-18 21:04:08.703   471   484 W TransactionTracing: Could not find layer id -1
03-18 21:04:08.705 29950 29950 D LifecycleMonitor: Lifecycle status change: androidx.test.core.app.InstrumentationActivityInvoker$EmptyActivity@7f58fa9 in: STARTED
03-18 21:04:08.706 29950 29950 V ActivityScenario: Activity lifecycle changed event received but ignored because the intent does not match. startActivityIntent=Intent { act=android.intent.action.MAIN cat=[android.intent.category.LAUNCHER] flg=0x10008000 cmp=ca.dal.cs.csci3130.g01/.LoginPage }, activity.getIntent()=Intent { act=android.intent.action.MAIN cat=[android.intent.category.LAUNCHER] flg=0x10000000 cmp=ca.dal.cs.csci3130.g01/androidx.test.core.app.InstrumentationActivityInvoker$EmptyActivity }, activity=androidx.test.core.app.InstrumentationActivityInvoker$EmptyActivity@7f58fa9
03-18 21:04:08.707 30162 30162 V GraphicsEnvironment: ANGLE Developer option for 'com.android.providers.userdictionary' set to: 'default'
03-18 21:04:08.709 29950 29950 D LifecycleMonitor: Lifecycle status change: androidx.test.core.app.InstrumentationActivityInvoker$EmptyActivity@7f58fa9 in: RESUMED
03-18 21:04:08.709 29950 29950 V ActivityScenario: Activity lifecycle changed event received but ignored because the intent does not match. startActivityIntent=Intent { act=android.intent.action.MAIN cat=[android.intent.category.LAUNCHER] flg=0x10008000 cmp=ca.dal.cs.csci3130.g01/.LoginPage }, activity.getIntent()=Intent { act=android.intent.action.MAIN cat=[android.intent.category.LAUNCHER] flg=0x10000000 cmp=ca.dal.cs.csci3130.g01/androidx.test.core.app.InstrumentationActivityInvoker$EmptyActivity }, activity=androidx.test.core.app.InstrumentationActivityInvoker$EmptyActivity@7f58fa9
03-18 21:04:08.709 30162 30162 V GraphicsEnvironment: ANGLE GameManagerService for com.android.providers.userdictionary: false
03-18 21:04:08.710 30162 30162 V GraphicsEnvironment: Neither updatable production driver nor prerelease driver is supported.
03-18 21:04:08.725 30162 30162 D NetworkSecurityConfig: No Network Security Config specified, using platform default
03-18 21:04:08.726 30162 30162 D NetworkSecurityConfig: No Network Security Config specified, using platform default
03-18 21:04:08.749   418   458 D goldfish-address-space: claimShared: Ask to claim region [0x3e55f0000 0x3e6714000]
03-18 21:04:08.756 30162 30162 D nativeloader: Configuring classloader-namespace-shared for other apk /system/priv-app/BlockedNumberProvider/BlockedNumberProvider.apk. target_sdk_version=33, uses_libraries=, library_path=/system/priv-app/BlockedNumberProvider/lib/x86_64:/system/lib64:/system_ext/lib64, permitted_path=/data:/mnt/expand:/data/user_de/0/com.android.providers.blockednumber:/system/priv-app/BlockedNumberProvider:/system/lib64:/system_ext/lib64
03-18 21:04:08.769   418   458 D goldfish-address-space: claimShared: Ask to claim region [0x3ee8ce000 0x3ef9f2000]
03-18 21:04:08.771 30162 30162 D nativeloader: Configuring classloader-namespace-shared for other apk /system/priv-app/ContactsProvider/ContactsProvider.apk. target_sdk_version=33, uses_libraries=, library_path=/system/priv-app/ContactsProvider/lib/x86_64:/system/lib64:/system_ext/lib64, permitted_path=/data:/mnt/expand:/data/user/0/com.android.providers.contacts:/system/priv-app/ContactsProvider:/system/lib64:/system_ext/lib64
03-18 21:04:08.776   418   458 D goldfish-address-space: claimShared: Ask to claim region [0x3ec000000 0x3ed124000]
03-18 21:04:08.783 29950 29983 W Parcel  : Expecting binder but got null!
03-18 21:04:08.794   655   687 I ActivityTaskManager: Displayed ca.dal.cs.csci3130.g01/androidx.test.core.app.InstrumentationActivityInvoker$EmptyActivity: +132ms
03-18 21:04:08.806 30162 30162 I ContactsPerf: VoicemailContentProvider.onCreate start
03-18 21:04:08.820 29950 29950 D AutofillManager: onActivityFinishing(): calling cancelLocked()
03-18 21:04:08.820 29950 29950 D LifecycleMonitor: Lifecycle status change: ca.dal.cs.csci3130.g01.LoginPage@d15dce1 in: DESTROYED
03-18 21:04:08.820 29950 29950 V ActivityScenario: Update currentActivityStage to DESTROYED, currentActivity=null
03-18 21:04:08.829   655  2319 W InputManager-JNI: Input channel object '26149d ca.dal.cs.csci3130.g01/ca.dal.cs.csci3130.g01.LoginPage (client)' was disposed without first being removed with the input manager!
03-18 21:04:08.833 30162 30162 I ContactsPerf: VoicemailContentProvider.onCreate finish
03-18 21:04:08.838   471   484 W TransactionTracing: Could not find layer handle 0x78c1d02aa3f0
03-18 21:04:08.842   418   458 D goldfish-address-space: claimShared: Ask to claim region [0x3e4000000 0x3e4af8000]
03-18 21:04:08.883 29950 29950 D LifecycleMonitor: Lifecycle status change: ca.dal.cs.csci3130.g01.Profile@e530387 in: STOPPED
03-18 21:04:08.884 29950 29950 V ActivityScenario: Activity lifecycle changed event received but ignored because the intent does not match. startActivityIntent=Intent { act=android.intent.action.MAIN cat=[android.intent.category.LAUNCHER] flg=0x10008000 cmp=ca.dal.cs.csci3130.g01/.LoginPage }, activity.getIntent()=Intent { cmp=ca.dal.cs.csci3130.g01/.Profile (has extras) }, activity=ca.dal.cs.csci3130.g01.Profile@e530387
03-18 21:04:08.916 29950 29950 D LifecycleMonitor: Lifecycle status change: androidx.test.core.app.InstrumentationActivityInvoker$EmptyActivity@7f58fa9 in: PAUSED
03-18 21:04:08.916 29950 29950 V ActivityScenario: Activity lifecycle changed event received but ignored because the intent does not match. startActivityIntent=Intent { act=android.intent.action.MAIN cat=[android.intent.category.LAUNCHER] flg=0x10008000 cmp=ca.dal.cs.csci3130.g01/.LoginPage }, activity.getIntent()=Intent { act=android.intent.action.MAIN cat=[android.intent.category.LAUNCHER] flg=0x10000000 cmp=ca.dal.cs.csci3130.g01/androidx.test.core.app.InstrumentationActivityInvoker$EmptyActivity }, activity=androidx.test.core.app.InstrumentationActivityInvoker$EmptyActivity@7f58fa9
03-18 21:04:08.927 29950 29981 I TestRunner: finished: testProfileLabels(ca.dal.cs.csci3130.g01.ExampleInstrumentedTest)
