03-18 21:04:11.774 29950 29981 I TestRunner: started: testSendEmail(ca.dal.cs.csci3130.g01.ExampleInstrumentedTest)
03-18 21:04:11.775   471   484 W TransactionTracing: Could not find layer handle 0x78c1d02a9e50
03-18 21:04:11.775   471   484 W TransactionTracing: Could not find layer handle 0x78c1d02abad0
03-18 21:04:11.775   471   484 W TransactionTracing: Could not find layer handle 0x78c1d02a9e50
03-18 21:04:11.775   471   484 W TransactionTracing: Could not find layer handle 0x78c1d02a9e50
03-18 21:04:11.785 29950 29981 W Settings: Setting always_finish_activities has moved from android.provider.Settings.System to android.provider.Settings.Global, returning read-only value.
03-18 21:04:11.800  1091  1166 D SplashScreenView: Build android.window.SplashScreenView{f4f8ac7 V.E...... ......ID 0,0-0,0}
03-18 21:04:11.800  1091  1166 D SplashScreenView: Icon: view: null drawable: null size: 0
03-18 21:04:11.800  1091  1166 D SplashScreenView: Branding: view: android.view.View{e10e8f4 G.ED..... ......I. 0,0-0,0 #10204db android:id/splashscreen_branding_view} drawable: null size w: 0 h: 0
03-18 21:04:11.829  1091  1173 D EGL_emulation: app_time_stats: avg=50.92ms min=1.16ms max=275.94ms count=15
03-18 21:04:11.838 29950 29950 D LifecycleMonitor: Lifecycle status change: ca.dal.cs.csci3130.g01.LoginPage@dbd8d96 in: PRE_ON_CREATE
03-18 21:04:11.838 29950 29950 V ActivityScenario: Activity lifecycle changed event received but ignored because the reported transition was not ON_CREATE while the last known transition was PRE_ON_CREATE
03-18 21:04:11.866 29950 29950 D AutofillManager: Fill dialog is enabled:false, hints=[password, passwordAuto, creditCardNumber, creditCardSecurityCode, creditCardExpirationDate]
03-18 21:04:11.877 29950 29950 D LifecycleMonitor: Lifecycle status change: ca.dal.cs.csci3130.g01.LoginPage@dbd8d96 in: CREATED
03-18 21:04:11.877 29950 29950 V ActivityScenario: Update currentActivityStage to CREATED, currentActivity=ca.dal.cs.csci3130.g01.LoginPage@dbd8d96
03-18 21:04:11.880 29950 29950 D LifecycleMonitor: Lifecycle status change: ca.dal.cs.csci3130.g01.LoginPage@dbd8d96 in: STARTED
03-18 21:04:11.880 29950 29950 V ActivityScenario: Update currentActivityStage to STARTED, currentActivity=ca.dal.cs.csci3130.g01.LoginPage@dbd8d96
03-18 21:04:11.882 29950 29950 D LifecycleMonitor: Lifecycle status change: ca.dal.cs.csci3130.g01.LoginPage@dbd8d96 in: RESUMED
03-18 21:04:11.883 29950 29950 V ActivityScenario: Update currentActivityStage to RESUMED, currentActivity=ca.dal.cs.csci3130.g01.LoginPage@dbd8d96
03-18 21:04:11.917   418 10026 D goldfish-address-space: claimShared: Ask to claim region [0x3e0000000 0x3e1124000]
03-18 21:04:11.922 29950 29950 D AutofillManager: Trigger fill request at view entered
03-18 21:04:11.933   418 10026 D goldfish-address-space: claimShared: Ask to claim region [0x3ea714000 0x3eb838000]
03-18 21:04:11.958   471   484 W TransactionTracing: Could not find layer handle 0x78c1d02a83b0
03-18 21:04:11.958   471   484 W TransactionTracing: Could not find layer handle 0x78c1d02abcb0
03-18 21:04:11.975   418 10026 D goldfish-address-space: claimShared: Ask to claim region [0x3ed124000 0x3ee248000]
03-18 21:04:11.995 29950 29983 W Parcel  : Expecting binder but got null!
03-18 21:04:12.016   655   687 W ziparchive: Unable to open '/data/app/~~XQKZKU0bJadgVTcSdm8jzA==/ca.dal.cs.csci3130.g01-dyOtAX0dUrRmrFqbiG64mA==/base.dm': No such file or directory
03-18 21:04:12.018   655   687 I ActivityTaskManager: Displayed ca.dal.cs.csci3130.g01/.LoginPage: +217ms
03-18 21:04:12.024 29950 29950 I AssistStructure: Flattened final assist data: 1908 bytes, containing 1 windows, 11 views
03-18 21:04:12.026   418 10026 D goldfish-address-space: claimShared: Ask to claim region [0x3e4000000 0x3e4af8000]
03-18 21:04:12.031   418   458 D goldfish-address-space: claimShared: Ask to claim region [0x3f0000000 0x3f1124000]
03-18 21:04:12.038   418   458 D goldfish-address-space: claimShared: Ask to claim region [0x3f1124000 0x3f2248000]
03-18 21:04:12.046   418 10026 D goldfish-address-space: claimShared: Ask to claim region [0x3f2248000 0x3f336c000]
03-18 21:04:12.084  1862  1862 I GoogleInputMethodService: GoogleInputMethodService.onFinishInput():3220
03-18 21:04:12.085  1862  1862 I GoogleInputMethodService: GoogleInputMethodService.updateDeviceLockedStatus():2114 repeatCheckTimes = 0, unlocked = true
03-18 21:04:12.085  1862  1862 W KeyboardViewController: KeyboardViewController.show():493 Requesting to show sub view with id 2131428249(#0x7f0b0399) when keyboard HEADER view is not ready to show
03-18 21:04:12.087   471   484 W TransactionTracing: Could not find layer id -1
03-18 21:04:12.087   471   484 W TransactionTracing: Could not find layer id -1
03-18 21:04:12.098  1091  1173 W Parcel  : Expecting binder but got null!
03-18 21:04:12.100  1862  1862 I GoogleInputMethodService: GoogleInputMethodService.onStartInput():1919 onStartInput(EditorInfo{inputType=0x0(NULL) imeOptions=0x0 privateImeOptions=null actionName=UNSPECIFIED actionLabel=null actionId=0 initialSelStart=-1 initialSelEnd=-1 initialCapsMode=0x0 hintText=null label=null packageName=ca.dal.cs.csci3130.g01 fieldId=-1 fieldName=null extras=null}, false)
03-18 21:04:12.114  1862  1862 I GoogleInputMethodService: GoogleInputMethodService.updateDeviceLockedStatus():2114 repeatCheckTimes = 2, unlocked = true
03-18 21:04:12.116  3854  3854 W svc     : Pending fill request while another request in the same session was triggered. [CONTEXT service_id=177 ]
03-18 21:04:12.128   471   484 W TransactionTracing: Could not find layer handle 0x78c1d02aca30
03-18 21:04:12.140  1894  1894 V InlineSuggestionRenderService: handleDestroySuggestionViews called for 0:489315037
03-18 21:04:12.151   471   484 W TransactionTracing: Could not find layer handle 0x78c1d02a64f0
03-18 21:04:12.155  1091  1173 D EGL_emulation: app_time_stats: avg=261.60ms min=26.13ms max=1250.41ms count=6
03-18 21:04:12.206   471   484 W TransactionTracing: Could not find layer id -1
03-18 21:04:12.206   471   484 W TransactionTracing: Could not find layer id -1
03-18 21:04:12.206   471   484 W TransactionTracing: Could not find layer id -1
03-18 21:04:12.206   471   484 W TransactionTracing: Could not find layer id -1
03-18 21:04:12.206   471   484 W TransactionTracing: Could not find layer id -1
03-18 21:04:12.206   471   484 W TransactionTracing: Could not find layer id -1
03-18 21:04:12.206   471   484 W TransactionTracing: Could not find layer id -1
03-18 21:04:12.206   471   484 W TransactionTracing: Could not find layer id -1
03-18 21:04:12.206   471   484 W TransactionTracing: Could not find layer id -1
03-18 21:04:12.295  1302  1600 D BtGatt.ScanManager: uid 10105 isForeground true scanMode -1
03-18 21:04:12.296  1302  1600 D BtGatt.ScanManager: uid 10105 isForeground true scanMode -1
03-18 21:04:12.303   471   484 W TransactionTracing: Could not find layer handle 0x78c1d02ac5b0
03-18 21:04:12.303   471   484 W TransactionTracing: Could not find layer handle 0x78c1d02a8410
03-18 21:04:12.303   471   484 W TransactionTracing: Could not find layer handle 0x78c1d02a8410
03-18 21:04:12.303   471   484 W TransactionTracing: Could not find layer handle 0x78c1d02ac5b0
03-18 21:04:12.303   471   484 W TransactionTracing: Could not find layer handle 0x78c1d02a8410
03-18 21:04:12.303   471   484 W TransactionTracing: Could not find layer handle 0x78c1d02ac5b0
03-18 21:04:12.304   471   484 W TransactionTracing: Could not find layer id -1
03-18 21:04:12.313 29950 29950 I ViewInteraction: Performing 'replace text(admin)' action on view view.getId() is <2131296279/ca.dal.cs.csci3130.g01:id/Username>
03-18 21:04:12.348  2618 30144 I PBSessionCacheImpl: Deleted sessionId[11515764936016665] from persistence.
03-18 21:04:12.360  2618  3067 W SearchServiceCore: Abort, client detached.
03-18 21:04:12.367 29950 29950 I ViewInteraction: Performing 'replace text(1234)' action on view view.getId() is <2131296268/ca.dal.cs.csci3130.g01:id/Password>
03-18 21:04:12.372   471   484 W TransactionTracing: Could not find layer handle 0x78c1d02a7330
03-18 21:04:12.372   471   484 W TransactionTracing: Could not find layer handle 0x78c1d02abb30
03-18 21:04:12.372   471   484 W TransactionTracing: Could not find layer handle 0x78c1d02a8d70
03-18 21:04:12.426 29950 29950 I ViewInteraction: Performing 'single click' action on view view.getId() is <2131296264/ca.dal.cs.csci3130.g01:id/Login>
03-18 21:04:12.432  1477  1477 D TaplEvents: TIS / TouchInteractionService.onInputEvent: MotionEvent { action=ACTION_DOWN, actionButton=0, id[0]=0, x[0]=717.5, y[0]=1934.5, toolType[0]=TOOL_TYPE_UNKNOWN, buttonState=BUTTON_PRIMARY, classification=NONE, metaState=0, flags=0x0, edgeFlags=0x0, pointerCount=1, historySize=0, eventTime=14399211, downTime=14399211, deviceId=-1, source=0x1002, displayId=0, eventId=-184487837 }
03-18 21:04:12.435   655  2586 W InputManager-JNI: Input channel object '3b706b3 Splash Screen ca.dal.cs.csci3130.g01 (client)' was disposed without first being removed with the input manager!
03-18 21:04:12.475   471   484 W TransactionTracing: Could not find layer handle 0x78c1d02ade10
03-18 21:04:12.475   471   484 W TransactionTracing: Could not find layer handle 0x78c1d02a6eb0
03-18 21:04:12.583  1477  1477 D TaplEvents: TIS / TouchInteractionService.onInputEvent: MotionEvent { action=ACTION_UP, actionButton=0, id[0]=0, x[0]=717.5, y[0]=1934.5, toolType[0]=TOOL_TYPE_UNKNOWN, buttonState=BUTTON_PRIMARY, classification=NONE, metaState=0, flags=0x0, edgeFlags=0x0, pointerCount=1, historySize=0, eventTime=14399359, downTime=14399211, deviceId=-1, source=0x1002, displayId=0, eventId=-904305509 }
03-18 21:04:12.739 29950 29950 D LifecycleMonitor: Lifecycle status change: ca.dal.cs.csci3130.g01.LoginPage@dbd8d96 in: PAUSED
03-18 21:04:12.740 29950 29950 V ActivityScenario: Update currentActivityStage to PAUSED, currentActivity=ca.dal.cs.csci3130.g01.LoginPage@dbd8d96
03-18 21:04:12.748 29950 29950 D LifecycleMonitor: Lifecycle status change: ca.dal.cs.csci3130.g01.ProvidersListings@ce3bdb5 in: PRE_ON_CREATE
03-18 21:04:12.748 29950 29950 V ActivityScenario: Activity lifecycle changed event received but ignored because the intent does not match. startActivityIntent=Intent { act=android.intent.action.MAIN cat=[android.intent.category.LAUNCHER] flg=0x10008000 cmp=ca.dal.cs.csci3130.g01/.LoginPage }, activity.getIntent()=Intent { cmp=ca.dal.cs.csci3130.g01/.ProvidersListings (has extras) }, activity=ca.dal.cs.csci3130.g01.ProvidersListings@ce3bdb5
03-18 21:04:12.776 29950 29950 D LifecycleMonitor: Lifecycle status change: ca.dal.cs.csci3130.g01.ProvidersListings@ce3bdb5 in: CREATED
03-18 21:04:12.776 29950 29950 V ActivityScenario: Activity lifecycle changed event received but ignored because the intent does not match. startActivityIntent=Intent { act=android.intent.action.MAIN cat=[android.intent.category.LAUNCHER] flg=0x10008000 cmp=ca.dal.cs.csci3130.g01/.LoginPage }, activity.getIntent()=Intent { cmp=ca.dal.cs.csci3130.g01/.ProvidersListings (has extras) }, activity=ca.dal.cs.csci3130.g01.ProvidersListings@ce3bdb5
03-18 21:04:12.781 29950 29950 D LifecycleMonitor: Lifecycle status change: ca.dal.cs.csci3130.g01.ProvidersListings@ce3bdb5 in: STARTED
03-18 21:04:12.782 29950 29950 V ActivityScenario: Activity lifecycle changed event received but ignored because the intent does not match. startActivityIntent=Intent { act=android.intent.action.MAIN cat=[android.intent.category.LAUNCHER] flg=0x10008000 cmp=ca.dal.cs.csci3130.g01/.LoginPage }, activity.getIntent()=Intent { cmp=ca.dal.cs.csci3130.g01/.ProvidersListings (has extras) }, activity=ca.dal.cs.csci3130.g01.ProvidersListings@ce3bdb5
03-18 21:04:12.785 29950 29950 D LifecycleMonitor: Lifecycle status change: ca.dal.cs.csci3130.g01.ProvidersListings@ce3bdb5 in: RESUMED
03-18 21:04:12.787 29950 29950 V ActivityScenario: Activity lifecycle changed event received but ignored because the intent does not match. startActivityIntent=Intent { act=android.intent.action.MAIN cat=[android.intent.category.LAUNCHER] flg=0x10008000 cmp=ca.dal.cs.csci3130.g01/.LoginPage }, activity.getIntent()=Intent { cmp=ca.dal.cs.csci3130.g01/.ProvidersListings (has extras) }, activity=ca.dal.cs.csci3130.g01.ProvidersListings@ce3bdb5
03-18 21:04:12.856  1091  1173 D EGL_emulation: app_time_stats: avg=39.69ms min=1.60ms max=102.81ms count=21
03-18 21:04:12.943   418 10026 D goldfish-address-space: claimShared: Ask to claim region [0x3e1124000 0x3e2248000]
03-18 21:04:12.946   418 10026 D goldfish-address-space: claimShared: Ask to claim region [0x3e2248000 0x3e336c000]
03-18 21:04:12.948   418 10026 D goldfish-address-space: claimShared: Ask to claim region [0x3e4af8000 0x3e5c1c000]
03-18 21:04:12.979 29950 29983 W Parcel  : Expecting binder but got null!
03-18 21:04:12.987   655   687 I ActivityTaskManager: Displayed ca.dal.cs.csci3130.g01/.ProvidersListings: +255ms
03-18 21:04:12.991 29950 29950 D AutofillManager: Fill dialog is enabled:false, hints=[password, passwordAuto, creditCardNumber, creditCardSecurityCode, creditCardExpirationDate]
03-18 21:04:13.004   418 10026 D goldfish-address-space: claimShared: Ask to claim region [0x3e3e64000 0x3e3e68000]
03-18 21:04:13.011   418 10026 D goldfish-address-space: claimShared: Ask to claim region [0x3e3e68000 0x3e3e6c000]
03-18 21:04:13.019   418 10026 D goldfish-address-space: claimShared: Ask to claim region [0x3e7abc000 0x3e7c73000]
03-18 21:04:13.031   418 10026 D goldfish-address-space: claimShared: Ask to claim region [0x3e7c73000 0x3e7e2a000]
03-18 21:04:13.034   655  1756 W Parcel  : Expecting binder but got null!
03-18 21:04:13.037   418 10026 D goldfish-address-space: claimShared: Ask to claim region [0x3e7c73000 0x3e7e2a000]
03-18 21:04:13.052   418 10026 D goldfish-address-space: claimShared: Ask to claim region [0x3e7e2a000 0x3e7fe1000]
03-18 21:04:13.055   655  1756 W Parcel  : Expecting binder but got null!
03-18 21:04:13.084 29950 29983 D EGL_emulation: app_time_stats: avg=14.04ms min=1.64ms max=108.69ms count=32
03-18 21:04:13.198  1862  1862 I GoogleInputMethodService: GoogleInputMethodService.onFinishInput():3220
03-18 21:04:13.199  1862  1862 I GoogleInputMethodService: GoogleInputMethodService.updateDeviceLockedStatus():2114 repeatCheckTimes = 0, unlocked = true
03-18 21:04:13.199  1862  1862 I GoogleInputMethodService: GoogleInputMethodService.onStartInput():1919 onStartInput(EditorInfo{inputType=0x0(NULL) imeOptions=0x0 privateImeOptions=null actionName=UNSPECIFIED actionLabel=null actionId=0 initialSelStart=-1 initialSelEnd=-1 initialCapsMode=0x0 hintText=null label=null packageName=ca.dal.cs.csci3130.g01 fieldId=-1 fieldName=null extras=null}, false)
03-18 21:04:13.202  1862  1862 I GoogleInputMethodService: GoogleInputMethodService.updateDeviceLockedStatus():2114 repeatCheckTimes = 2, unlocked = true
03-18 21:04:13.322   471   484 W TransactionTracing: Could not find layer id -1
03-18 21:04:13.325   471   484 W TransactionTracing: Could not find layer id -1
03-18 21:04:13.325   471   484 W TransactionTracing: Could not find layer id -1
03-18 21:04:13.326   471   484 W TransactionTracing: Could not find layer id -1
03-18 21:04:13.326   471   484 W TransactionTracing: Could not find layer id -1
03-18 21:04:13.326   471   484 W TransactionTracing: Could not find layer id -1
03-18 21:04:13.326   471   484 W TransactionTracing: Could not find layer id -1
03-18 21:04:13.328   471   484 W TransactionTracing: Could not find layer id -1
03-18 21:04:13.359   655  2187 D TelephonyManager: requestModemActivityInfo: Sending result to app: ModemActivityInfo{ mTimestamp=14400133 mSleepTimeMs=0 mIdleTimeMs=12730583 mActivityStatsTechSpecificInfo=[{mRat=UNKNOWN,mFrequencyRange=UNKNOWN,mTxTimeMs[]=[0, 0, 0, 0, 0],mRxTimeMs=0}]}
03-18 21:04:13.367   655   706 E system_server: Cannot read thread CPU times for PID 655
03-18 21:04:13.453   471   484 W TransactionTracing: Could not find layer id -1
03-18 21:04:13.469   393   429 I netd    : tetherGetStats() -> {[]} <0.96ms>
03-18 21:04:13.484 29950 29950 I ViewInteraction: Performing 'single click' action on view view.getId() is <2131296644/ca.dal.cs.csci3130.g01:id/profile>
03-18 21:04:13.488  1477  1477 D TaplEvents: TIS / TouchInteractionService.onInputEvent: MotionEvent { action=ACTION_DOWN, actionButton=0, id[0]=0, x[0]=943.5, y[0]=233.5, toolType[0]=TOOL_TYPE_UNKNOWN, buttonState=BUTTON_PRIMARY, classification=NONE, metaState=0, flags=0x0, edgeFlags=0x0, pointerCount=1, historySize=0, eventTime=14400268, downTime=14400268, deviceId=-1, source=0x1002, displayId=0, eventId=-519149159 }
03-18 21:04:13.542 29950 29950 D LifecycleMonitor: Lifecycle status change: ca.dal.cs.csci3130.g01.LoginPage@dbd8d96 in: STOPPED
03-18 21:04:13.543 29950 29950 V ActivityScenario: Update currentActivityStage to STOPPED, currentActivity=ca.dal.cs.csci3130.g01.LoginPage@dbd8d96
03-18 21:04:13.553   471   484 W TransactionTracing: Could not find layer handle 0x78c1d02ae050
03-18 21:04:13.554   471   484 W TransactionTracing: Could not find layer handle 0x78c1d02aca30
03-18 21:04:13.554   471   484 W TransactionTracing: Could not find layer handle 0x78c1d02a9bb0
03-18 21:04:13.554   471   484 W TransactionTracing: Could not find layer handle 0x78c1d02a6c70
03-18 21:04:13.554   471   484 W TransactionTracing: Could not find layer handle 0x78c1d02accd0
03-18 21:04:13.554   471   484 W TransactionTracing: Could not find layer handle 0x78c1d02ac850
03-18 21:04:13.554   471   484 W TransactionTracing: Could not find layer handle 0x78c1d02aca30
03-18 21:04:13.554   471   484 W TransactionTracing: Could not find layer handle 0x78c1d02ae050
03-18 21:04:13.558  1477  1477 D TaplEvents: TIS / TouchInteractionService.onInputEvent: MotionEvent { action=ACTION_UP, actionButton=0, id[0]=0, x[0]=943.5, y[0]=233.5, toolType[0]=TOOL_TYPE_UNKNOWN, buttonState=BUTTON_PRIMARY, classification=NONE, metaState=0, flags=0x0, edgeFlags=0x0, pointerCount=1, historySize=0, eventTime=14400339, downTime=14400268, deviceId=-1, source=0x1002, displayId=0, eventId=-235949419 }
03-18 21:04:13.587   471   484 W TransactionTracing: Could not find layer handle 0x78c1d02acdf0
03-18 21:04:13.591 29950 29950 D LifecycleMonitor: Lifecycle status change: ca.dal.cs.csci3130.g01.ProvidersListings@ce3bdb5 in: PAUSED
03-18 21:04:13.591 29950 29950 V ActivityScenario: Activity lifecycle changed event received but ignored because the intent does not match. startActivityIntent=Intent { act=android.intent.action.MAIN cat=[android.intent.category.LAUNCHER] flg=0x10008000 cmp=ca.dal.cs.csci3130.g01/.LoginPage }, activity.getIntent()=Intent { cmp=ca.dal.cs.csci3130.g01/.ProvidersListings (has extras) }, activity=ca.dal.cs.csci3130.g01.ProvidersListings@ce3bdb5
03-18 21:04:13.604 29950 29950 D LifecycleMonitor: Lifecycle status change: ca.dal.cs.csci3130.g01.Profile@2db36d0 in: PRE_ON_CREATE
03-18 21:04:13.605 29950 29950 V ActivityScenario: Activity lifecycle changed event received but ignored because the intent does not match. startActivityIntent=Intent { act=android.intent.action.MAIN cat=[android.intent.category.LAUNCHER] flg=0x10008000 cmp=ca.dal.cs.csci3130.g01/.LoginPage }, activity.getIntent()=Intent { cmp=ca.dal.cs.csci3130.g01/.Profile (has extras) }, activity=ca.dal.cs.csci3130.g01.Profile@2db36d0
03-18 21:04:13.618 29950 29950 D AutofillManager: Fill dialog is enabled:false, hints=[password, passwordAuto, creditCardNumber, creditCardSecurityCode, creditCardExpirationDate]
03-18 21:04:13.642 29950 29950 D LifecycleMonitor: Lifecycle status change: ca.dal.cs.csci3130.g01.Profile@2db36d0 in: CREATED
03-18 21:04:13.642 29950 29950 V ActivityScenario: Activity lifecycle changed event received but ignored because the intent does not match. startActivityIntent=Intent { act=android.intent.action.MAIN cat=[android.intent.category.LAUNCHER] flg=0x10008000 cmp=ca.dal.cs.csci3130.g01/.LoginPage }, activity.getIntent()=Intent { cmp=ca.dal.cs.csci3130.g01/.Profile (has extras) }, activity=ca.dal.cs.csci3130.g01.Profile@2db36d0
03-18 21:04:13.645 29950 29950 D LifecycleMonitor: Lifecycle status change: ca.dal.cs.csci3130.g01.Profile@2db36d0 in: STARTED
03-18 21:04:13.645 29950 29950 V ActivityScenario: Activity lifecycle changed event received but ignored because the intent does not match. startActivityIntent=Intent { act=android.intent.action.MAIN cat=[android.intent.category.LAUNCHER] flg=0x10008000 cmp=ca.dal.cs.csci3130.g01/.LoginPage }, activity.getIntent()=Intent { cmp=ca.dal.cs.csci3130.g01/.Profile (has extras) }, activity=ca.dal.cs.csci3130.g01.Profile@2db36d0
03-18 21:04:13.647 29950 29950 D LifecycleMonitor: Lifecycle status change: ca.dal.cs.csci3130.g01.Profile@2db36d0 in: RESUMED
03-18 21:04:13.647 29950 29950 V ActivityScenario: Activity lifecycle changed event received but ignored because the intent does not match. startActivityIntent=Intent { act=android.intent.action.MAIN cat=[android.intent.category.LAUNCHER] flg=0x10008000 cmp=ca.dal.cs.csci3130.g01/.LoginPage }, activity.getIntent()=Intent { cmp=ca.dal.cs.csci3130.g01/.Profile (has extras) }, activity=ca.dal.cs.csci3130.g01.Profile@2db36d0
03-18 21:04:13.713   418 10026 D goldfish-address-space: claimShared: Ask to claim region [0x3e0000000 0x3e1124000]
03-18 21:04:13.717   418 10026 D goldfish-address-space: claimShared: Ask to claim region [0x3e5c1c000 0x3e6d40000]
03-18 21:04:13.724   418 10026 D goldfish-address-space: claimShared: Ask to claim region [0x3ea714000 0x3eb838000]
03-18 21:04:13.783 29950 29983 W Parcel  : Expecting binder but got null!
03-18 21:04:13.796   655   687 I ActivityTaskManager: Displayed ca.dal.cs.csci3130.g01/.Profile: +216ms
03-18 21:04:13.821   418 10026 D goldfish-address-space: claimShared: Ask to claim region [0x3e3e6c000 0x3e3e70000]
03-18 21:04:13.827   418   458 D goldfish-address-space: claimShared: Ask to claim region [0x3e3e70000 0x3e3e74000]
03-18 21:04:13.838   418   458 D goldfish-address-space: claimShared: Ask to claim region [0x3e7abc000 0x3e7c73000]
03-18 21:04:13.846   418   458 D goldfish-address-space: claimShared: Ask to claim region [0x3e7c73000 0x3e7e2a000]
03-18 21:04:13.848   655  1756 W Parcel  : Expecting binder but got null!
03-18 21:04:13.849   418   458 D goldfish-address-space: claimShared: Ask to claim region [0x3e7e2a000 0x3e7fe1000]
03-18 21:04:13.859   418   458 D goldfish-address-space: claimShared: Ask to claim region [0x3e6d40000 0x3e6ef7000]
03-18 21:04:13.864   655  1756 W Parcel  : Expecting binder but got null!
03-18 21:04:13.907  1862  1862 W AndroidSpellCheckerService: AndroidSpellCheckerService.initialize():81 initialize...
03-18 21:04:13.907  1862  1862 I ShortcutsDataManager: ShortcutsDataManager.onContentChanged():70 onContentChanged()
03-18 21:04:13.907  1862  1862 I ContactsDataManager: ContactsDataManager.onContentChanged():155 onContentChanged()
03-18 21:04:13.908  1862  1862 W AndroidSpellCheckerService: AndroidSpellCheckerService.initialize():93 initialize...done
03-18 21:04:13.972  1862  1862 I GoogleInputMethodService: GoogleInputMethodService.onFinishInput():3220
03-18 21:04:13.974  1862  1862 I GoogleInputMethodService: GoogleInputMethodService.updateDeviceLockedStatus():2114 repeatCheckTimes = 0, unlocked = true
03-18 21:04:13.975  1862  1862 I GoogleInputMethodService: GoogleInputMethodService.onStartInput():1919 onStartInput(EditorInfo{inputType=0x0(NULL) imeOptions=0x0 privateImeOptions=null actionName=UNSPECIFIED actionLabel=null actionId=0 initialSelStart=-1 initialSelEnd=-1 initialCapsMode=0x0 hintText=null label=null packageName=ca.dal.cs.csci3130.g01 fieldId=-1 fieldName=null extras=null}, false)
03-18 21:04:13.977  1862  1862 I GoogleInputMethodService: GoogleInputMethodService.updateDeviceLockedStatus():2114 repeatCheckTimes = 2, unlocked = true
03-18 21:04:13.978  1862  1862 I ShortcutsDataManager: AbstractContentDataManager.startImportContentTask():238 startImportContentTask()
03-18 21:04:13.979  1862  2460 I ShortcutsDataManager: AbstractContentDataManager$ImportContentTask.doInBackground():252 doInBackground()
03-18 21:04:13.979  1862  2460 I PersonalDictionaryDataHandler: PersonalDictionaryDataHandler.beginProcess():111 LanguageTags = [en-US]
03-18 21:04:14.015  1862  2460 I ShortcutsDataManager: AbstractContentDataManager.importRecords():342 importRecords() : Success : Count = 0
03-18 21:04:14.017  1862  2460 I ShortcutsDataManager: AbstractContentDataManager.importContentData():292 importContentData() : Ending import process
03-18 21:04:14.018  1862  2720 I Delight5Decoder: Delight5DecoderWrapper.unloadLanguageModel():831 unloadLanguageModel() : 4, version [n/a]
03-18 21:04:14.043  1862  2460 I PersonalLanguageModelUpdater: PersonalLanguageModelUpdater$UpdateOperation.performInternal():160 run() : Added 0 words and 0 shortcuts
03-18 21:04:14.043  1862  2460 I DynamicLanguageModelOperation: DynamicLanguageModelOperation.perform():38 perform() : 4 : ccz : Completed
03-18 21:04:14.043  1862  1862 I ShortcutsDataManager: AbstractContentDataManager$ImportContentTask.onPostExecute():263 onPostExecute() : Result = [2,0]
03-18 21:04:14.045  1862  2720 I Delight5Decoder: Delight5DecoderWrapper.loadLanguageModel():626 loadLanguageModel() : 4, version [n/a]
03-18 21:04:14.045  1862  1862 I ShortcutsDataManager: ShortcutsDataManager.onImportFinished():80 onImportFinished() : Result = 2 : Count = 0
03-18 21:04:14.047  1862  2720 I Delight5Decoder: Delight5DecoderWrapper.loadLanguageModel():667 Loaded dynamic LM 4.en
03-18 21:04:14.096 29950 29983 D EGL_emulation: app_time_stats: avg=17.86ms min=2.38ms max=183.01ms count=30
03-18 21:04:14.354 29950 29983 D OpenGLRenderer: endAllActiveAnimators on 0x755cb4737760 (RippleDrawable) with handle 0x755bc4699c60
03-18 21:04:14.359 29950 29950 D LifecycleMonitor: Lifecycle status change: ca.dal.cs.csci3130.g01.ProvidersListings@ce3bdb5 in: STOPPED
03-18 21:04:14.359 29950 29950 V ActivityScenario: Activity lifecycle changed event received but ignored because the intent does not match. startActivityIntent=Intent { act=android.intent.action.MAIN cat=[android.intent.category.LAUNCHER] flg=0x10008000 cmp=ca.dal.cs.csci3130.g01/.LoginPage }, activity.getIntent()=Intent { cmp=ca.dal.cs.csci3130.g01/.ProvidersListings (has extras) }, activity=ca.dal.cs.csci3130.g01.ProvidersListings@ce3bdb5
03-18 21:04:14.368   471   484 W TransactionTracing: Could not find layer handle 0x78c1d02aa7b0
03-18 21:04:14.369   471   484 W TransactionTracing: Could not find layer handle 0x78c1d02ab350
03-18 21:04:14.369   471   484 W TransactionTracing: Could not find layer handle 0x78c1d02ab110
03-18 21:04:14.369   471   484 W TransactionTracing: Could not find layer handle 0x78c1d02addb0
03-18 21:04:14.369   471   484 W TransactionTracing: Could not find layer handle 0x78c1d02a8c50
03-18 21:04:14.369   471   484 W TransactionTracing: Could not find layer handle 0x78c1d02ad4b0
03-18 21:04:14.380 29950 29950 I ViewInteraction: Performing 'single click' action on view view.getId() is <2131296745/ca.dal.cs.csci3130.g01:id/send_email>
03-18 21:04:14.382  1477  1477 D TaplEvents: TIS / TouchInteractionService.onInputEvent: MotionEvent { action=ACTION_DOWN, actionButton=0, id[0]=0, x[0]=274.0, y[0]=2103.5, toolType[0]=TOOL_TYPE_UNKNOWN, buttonState=BUTTON_PRIMARY, classification=NONE, metaState=0, flags=0x0, edgeFlags=0x0, pointerCount=1, historySize=0, eventTime=14401164, downTime=14401164, deviceId=-1, source=0x1002, displayId=0, eventId=-516135049 }
03-18 21:04:14.408   471   484 W TransactionTracing: Could not find layer handle 0x78c1d02acaf0
03-18 21:04:14.422  1477  1477 D TaplEvents: TIS / TouchInteractionService.onInputEvent: MotionEvent { action=ACTION_UP, actionButton=0, id[0]=0, x[0]=274.0, y[0]=2103.5, toolType[0]=TOOL_TYPE_UNKNOWN, buttonState=BUTTON_PRIMARY, classification=NONE, metaState=0, flags=0x0, edgeFlags=0x0, pointerCount=1, historySize=0, eventTime=14401204, downTime=14401164, deviceId=-1, source=0x1002, displayId=0, eventId=-216145191 }
03-18 21:04:14.435 29950 29950 D LifecycleMonitor: Lifecycle status change: ca.dal.cs.csci3130.g01.Profile@2db36d0 in: PAUSED
03-18 21:04:14.436 29950 29950 V ActivityScenario: Activity lifecycle changed event received but ignored because the intent does not match. startActivityIntent=Intent { act=android.intent.action.MAIN cat=[android.intent.category.LAUNCHER] flg=0x10008000 cmp=ca.dal.cs.csci3130.g01/.LoginPage }, activity.getIntent()=Intent { cmp=ca.dal.cs.csci3130.g01/.Profile (has extras) }, activity=ca.dal.cs.csci3130.g01.Profile@2db36d0
03-18 21:04:14.455 29950 29950 D LifecycleMonitor: Lifecycle status change: ca.dal.cs.csci3130.g01.SendEmails@c10a7d1 in: PRE_ON_CREATE
03-18 21:04:14.455 29950 29950 V ActivityScenario: Activity lifecycle changed event received but ignored because the intent does not match. startActivityIntent=Intent { act=android.intent.action.MAIN cat=[android.intent.category.LAUNCHER] flg=0x10008000 cmp=ca.dal.cs.csci3130.g01/.LoginPage }, activity.getIntent()=Intent { cmp=ca.dal.cs.csci3130.g01/.SendEmails }, activity=ca.dal.cs.csci3130.g01.SendEmails@c10a7d1
03-18 21:04:14.475 29950 29950 D AutofillManager: Fill dialog is enabled:false, hints=[password, passwordAuto, creditCardNumber, creditCardSecurityCode, creditCardExpirationDate]
03-18 21:04:14.491 29950 29950 D LifecycleMonitor: Lifecycle status change: ca.dal.cs.csci3130.g01.SendEmails@c10a7d1 in: CREATED
03-18 21:04:14.491 29950 29950 V ActivityScenario: Activity lifecycle changed event received but ignored because the intent does not match. startActivityIntent=Intent { act=android.intent.action.MAIN cat=[android.intent.category.LAUNCHER] flg=0x10008000 cmp=ca.dal.cs.csci3130.g01/.LoginPage }, activity.getIntent()=Intent { cmp=ca.dal.cs.csci3130.g01/.SendEmails }, activity=ca.dal.cs.csci3130.g01.SendEmails@c10a7d1
03-18 21:04:14.493 29950 29950 D LifecycleMonitor: Lifecycle status change: ca.dal.cs.csci3130.g01.SendEmails@c10a7d1 in: STARTED
03-18 21:04:14.493 29950 29950 V ActivityScenario: Activity lifecycle changed event received but ignored because the intent does not match. startActivityIntent=Intent { act=android.intent.action.MAIN cat=[android.intent.category.LAUNCHER] flg=0x10008000 cmp=ca.dal.cs.csci3130.g01/.LoginPage }, activity.getIntent()=Intent { cmp=ca.dal.cs.csci3130.g01/.SendEmails }, activity=ca.dal.cs.csci3130.g01.SendEmails@c10a7d1
03-18 21:04:14.494 29950 29950 D LifecycleMonitor: Lifecycle status change: ca.dal.cs.csci3130.g01.SendEmails@c10a7d1 in: RESUMED
03-18 21:04:14.494 29950 29950 V ActivityScenario: Activity lifecycle changed event received but ignored because the intent does not match. startActivityIntent=Intent { act=android.intent.action.MAIN cat=[android.intent.category.LAUNCHER] flg=0x10008000 cmp=ca.dal.cs.csci3130.g01/.LoginPage }, activity.getIntent()=Intent { cmp=ca.dal.cs.csci3130.g01/.SendEmails }, activity=ca.dal.cs.csci3130.g01.SendEmails@c10a7d1
03-18 21:04:14.614 29950 29950 D AutofillManager: Trigger fill request at view entered
03-18 21:04:14.626   418   458 D goldfish-address-space: claimShared: Ask to claim region [0x3e1124000 0x3e2248000]
03-18 21:04:14.629   418   458 D goldfish-address-space: claimShared: Ask to claim region [0x3e2248000 0x3e336c000]
03-18 21:04:14.632   418   458 D goldfish-address-space: claimShared: Ask to claim region [0x3e4af8000 0x3e5c1c000]
03-18 21:04:14.696 29950 29983 W Parcel  : Expecting binder but got null!
03-18 21:04:14.705   655   687 I ActivityTaskManager: Displayed ca.dal.cs.csci3130.g01/.SendEmails: +278ms
03-18 21:04:14.722   418 10026 D goldfish-address-space: claimShared: Ask to claim region [0x3e3e74000 0x3e3e78000]
03-18 21:04:14.724 29950 29950 I AssistStructure: Flattened final assist data: 2428 bytes, containing 1 windows, 12 views
03-18 21:04:14.729   418   458 D goldfish-address-space: claimShared: Ask to claim region [0x3e3e78000 0x3e3e7c000]
03-18 21:04:14.750   418   458 D goldfish-address-space: claimShared: Ask to claim region [0x3e7abc000 0x3e7c73000]
03-18 21:04:14.772   418   458 D goldfish-address-space: claimShared: Ask to claim region [0x3e7c73000 0x3e7e2a000]
03-18 21:04:14.776   655  1756 W Parcel  : Expecting binder but got null!
03-18 21:04:14.778   418   458 D goldfish-address-space: claimShared: Ask to claim region [0x3e7c73000 0x3e7e2a000]
03-18 21:04:14.787   418   458 D goldfish-address-space: claimShared: Ask to claim region [0x3e7e2a000 0x3e7fe1000]
03-18 21:04:14.792   655  1756 W Parcel  : Expecting binder but got null!
03-18 21:04:14.831 29950 29983 D EGL_emulation: app_time_stats: avg=32.49ms min=1.67ms max=228.41ms count=24
03-18 21:04:14.896  1862  1862 I GoogleInputMethodService: GoogleInputMethodService.onFinishInput():3220
03-18 21:04:14.897  1862  1862 I GoogleInputMethodService: GoogleInputMethodService.updateDeviceLockedStatus():2114 repeatCheckTimes = 0, unlocked = true
03-18 21:04:14.897  1862  1862 W KeyboardViewController: KeyboardViewController.show():493 Requesting to show sub view with id 2131428249(#0x7f0b0399) when keyboard HEADER view is not ready to show
03-18 21:04:14.901  1862  1862 I GoogleInputMethodService: GoogleInputMethodService.onStartInput():1919 onStartInput(EditorInfo{inputType=0x0(NULL) imeOptions=0x0 privateImeOptions=null actionName=UNSPECIFIED actionLabel=null actionId=0 initialSelStart=-1 initialSelEnd=-1 initialCapsMode=0x0 hintText=null label=null packageName=ca.dal.cs.csci3130.g01 fieldId=-1 fieldName=null extras=null}, false)
03-18 21:04:14.903  1862  1862 I GoogleInputMethodService: GoogleInputMethodService.updateDeviceLockedStatus():2114 repeatCheckTimes = 2, unlocked = true
03-18 21:04:14.910  3854  3854 W svc     : Pending fill request while another request in the same session was triggered. [CONTEXT service_id=177 ]
03-18 21:04:14.914  1894  1894 V InlineSuggestionRenderService: handleDestroySuggestionViews called for 0:1450034771
03-18 21:04:15.113 29950 29950 I ViewInteraction: Performing 'replace text()' action on view view.getId() is <2131296456/ca.dal.cs.csci3130.g01:id/et_from_email>
03-18 21:04:15.119   471   484 W TransactionTracing: Could not find layer id -1
03-18 21:04:15.120   471   484 W TransactionTracing: Could not find layer id -1
03-18 21:04:15.120   471   484 W TransactionTracing: Could not find layer id -1
03-18 21:04:15.120   471   484 W TransactionTracing: Could not find layer id -1
03-18 21:04:15.121   471   484 W TransactionTracing: Could not find layer id -1
03-18 21:04:15.121   471   484 W TransactionTracing: Could not find layer id -1
03-18 21:04:15.121   471   484 W TransactionTracing: Could not find layer id -1
03-18 21:04:15.121   471   484 W TransactionTracing: Could not find layer id -1
03-18 21:04:15.128 29950 29950 I ViewInteraction: Performing 'type text(test12appproject@gmail.com)' action on view view.getId() is <2131296456/ca.dal.cs.csci3130.g01:id/et_from_email>
03-18 21:04:15.138  1477  1477 D TaplEvents: TIS / TouchInteractionService.onInputEvent: MotionEvent { action=ACTION_DOWN, actionButton=0, id[0]=0, x[0]=719.5, y[0]=466.5, toolType[0]=TOOL_TYPE_UNKNOWN, buttonState=BUTTON_PRIMARY, classification=NONE, metaState=0, flags=0x0, edgeFlags=0x0, pointerCount=1, historySize=0, eventTime=14401920, downTime=14401920, deviceId=-1, source=0x1002, displayId=0, eventId=-502438944 }
03-18 21:04:15.178  1477  1477 D TaplEvents: TIS / TouchInteractionService.onInputEvent: MotionEvent { action=ACTION_UP, actionButton=0, id[0]=0, x[0]=719.5, y[0]=466.5, toolType[0]=TOOL_TYPE_UNKNOWN, buttonState=BUTTON_PRIMARY, classification=NONE, metaState=0, flags=0x0, edgeFlags=0x0, pointerCount=1, historySize=0, eventTime=14401960, downTime=14401920, deviceId=-1, source=0x1002, displayId=0, eventId=-1046320801 }
03-18 21:04:15.184  1862  1862 I GoogleInputMethodService: GoogleInputMethodService.onFinishInput():3220
03-18 21:04:15.185 29950 29950 D InputMethodManager: showSoftInput() view=androidx.appcompat.widget.AppCompatEditText{fa3157e VFED..CL. .F.P..ID 56,56-1384,214 #7f0900c8 app:id/et_from_email aid=1073741824} flags=0 reason=SHOW_SOFT_INPUT
03-18 21:04:15.186  1862  1862 I GoogleInputMethodService: GoogleInputMethodService.updateDeviceLockedStatus():2114 repeatCheckTimes = 0, unlocked = true
03-18 21:04:15.186  1862  1862 I GoogleInputMethodService: GoogleInputMethodService.onStartInput():1919 onStartInput(EditorInfo{inputType=0x20001(Normal) imeOptions=0x48000005 privateImeOptions=null actionName=NEXT actionLabel=null actionId=0 initialSelStart=0 initialSelEnd=0 initialCapsMode=0x0 hintText=non-empty label=null packageName=ca.dal.cs.csci3130.g01 fieldId=2131296456 fieldName=null extras=Bundle[mParcelledData.dataSize=240]}, false)
03-18 21:04:15.187  1862  1862 I GoogleInputMethodService: GoogleInputMethodService.updateDeviceLockedStatus():2114 repeatCheckTimes = 2, unlocked = true
03-18 21:04:15.192  1862  1862 I DeviceModeUtil: DeviceModeUtil.getDeviceMode():117 Get device mode phone by ui mode:1 and smallestScreenWidthDp:411
03-18 21:04:15.194  1862  1862 I GoogleInputMethodService: GoogleInputMethodService.onStartInputView():2023 onStartInputView(EditorInfo{inputType=0x20001(Normal) imeOptions=0x48000005 privateImeOptions=null actionName=NEXT actionLabel=null actionId=0 initialSelStart=0 initialSelEnd=0 initialCapsMode=0x0 hintText=non-empty label=null packageName=ca.dal.cs.csci3130.g01 fieldId=2131296456 fieldName=null extras=Bundle[{android.support.text.emoji.emojiCompat_metadataVersion=8, android.support.text.emoji.emojiCompat_replaceAll=false}]}, false)
03-18 21:04:15.196  1862  1862 I GoogleInputMethodService: GoogleInputMethodService.updateDeviceLockedStatus():2114 repeatCheckTimes = 2, unlocked = true
03-18 21:04:15.196  1862  1968 I DeviceModeUtil: DeviceModeUtil.getDeviceMode():117 Get device mode phone by ui mode:1 and smallestScreenWidthDp:411
03-18 21:04:15.200  1862  1862 I KeyboardViewUtil: KeyboardViewUtil.getKeyboardHeightRatio():168 systemKeyboardHeightRatio:1.000000; userKeyboardHeightRatio:1.000000.
03-18 21:04:15.201  1862  1862 I AndroidIME: AbstractIme.onActivate():91 LatinIme.onActivate() : EditorInfo = inputType=0x20001(Normal) imeOptions=0x48000005 privateImeOptions=null actionName=NEXT actionLabel=null actionId=0 initialSelStart=0 initialSelEnd=0 initialCapsMode=0x0 hintText=non-empty label=null packageName=ca.dal.cs.csci3130.g01 fieldId=2131296456 fieldName=null extras=Bundle[{android.support.text.emoji.emojiCompat_metadataVersion=8, android.support.text.emoji.emojiCompat_replaceAll=false}], IncognitoMode = false, DeviceLocked = false
03-18 21:04:15.201  1862  1862 I Delight5Facilitator: Delight5Facilitator.initializeForIme():777 initializeForIme() : Locale = [en_US], layout = qwerty
03-18 21:04:15.203  1862  1862 I VoiceInputManagerWrapper: VoiceInputManagerWrapper.cancelShutdown():55 cancelShutdown()
03-18 21:04:15.203  1862  1862 I VoiceInputManagerWrapper: VoiceInputManagerWrapper.syncLanguagePacks():67 syncLanguagePacks()
03-18 21:04:15.203  1862  1862 I LatinIme: LatinIme.updateEnableInlineSuggestionsOnDecoderSideFlags():1295 inline flag updated to:false
03-18 21:04:15.204  1862  5359 I SpeechFactory: SpeechRecognitionFactory.maybeScheduleAutoPackDownloadForFallback():202 maybeScheduleAutoPackDownloadForFallback()
03-18 21:04:15.204  1862  5359 I FallbackOnDeviceRecognitionProvider: FallbackOnDeviceRecognitionProvider.maybeScheduleAutoPackDownload():196 maybeScheduleAutoPackDownload() for language tag en-US
03-18 21:04:15.208  1862  1862 I KeyboardWrapper: KeyboardWrapper.consumeEvent():273 Skip consuming an event as current keyboard is deactivated (state=0, keyboard existence=true)
03-18 21:04:15.220   471   484 W TransactionTracing: Could not find layer id -1
03-18 21:04:15.236  1862  1862 I KeyboardViewHelper: KeyboardViewHelper.getView():168 Get view with height ratio:1.000000
03-18 21:04:15.256  1862  1862 I KeyboardViewUtil: KeyboardViewUtil.calculateMaxKeyboardBodyHeight():44 leave 473 height for app when screen height:2952, header height:154 and isFullscreenMode:false, so the max keyboard body height is:2325
03-18 21:04:15.259  1862  1862 I DeviceModeUtil: DeviceModeUtil.getDeviceMode():117 Get device mode phone by ui mode:1 and smallestScreenWidthDp:411
03-18 21:04:15.262  1862  1862 I KeyboardViewUtil: KeyboardViewUtil.calculateMaxKeyboardBodyHeight():44 leave 473 height for app when screen height:2952, header height:154 and isFullscreenMode:false, so the max keyboard body height is:2325
03-18 21:04:15.263  1862  1862 I DeviceModeUtil: DeviceModeUtil.getDeviceMode():117 Get device mode phone by ui mode:1 and smallestScreenWidthDp:411
03-18 21:04:15.268  1862  1862 I DeviceModeUtil: DeviceModeUtil.getDeviceMode():117 Get device mode phone by ui mode:1 and smallestScreenWidthDp:411
03-18 21:04:15.268  1862  1862 I DeviceModeUtil: DeviceModeUtil.getDeviceMode():117 Get device mode phone by ui mode:1 and smallestScreenWidthDp:411
03-18 21:04:15.268  1862  1862 I NormalModeController: NormalModeController.getKeyboardBodyViewHolderPaddingBottom():111 currentPrimeKeyboardType:SOFT systemPaddingBottom:-1
03-18 21:04:15.269  1862  1862 I NormalModeController: NormalModeController.getKeyboardBodyViewHolderPaddingBottom():111 currentPrimeKeyboardType:SOFT systemPaddingBottom:-1
03-18 21:04:15.270   471   484 W TransactionTracing: Could not find layer handle 0x78c1d02a71b0
03-18 21:04:15.270   471   484 W TransactionTracing: Could not find layer handle 0x78c1d02a4e10
03-18 21:04:15.270   471   484 W TransactionTracing: Could not find layer handle 0x78c1d02a6eb0
03-18 21:04:15.270   471   484 W TransactionTracing: Could not find layer handle 0x78c1d02a8a70
03-18 21:04:15.270   471   484 W TransactionTracing: Could not find layer handle 0x78c1d02ab410
03-18 21:04:15.270   471   484 W TransactionTracing: Could not find layer handle 0x78c1d02aa2d0
03-18 21:04:15.276  1862  1862 I ProactiveSuggestionsHolderManager: ProactiveSuggestionsHolderManager$3.display():214 Requesting to show proactive suggestions: CLIPBOARD PREEMPTIVE_WITH_SUPPRESSION
03-18 21:04:15.279  1862  1862 I VoiceImeExtension: VoiceImeExtension.shouldStartVoiceInputAutomatically():382 No private IME option set to start voice input.
03-18 21:04:15.286 29950 29983 D OpenGLRenderer: endAllActiveAnimators on 0x755cb4744bd0 (RippleDrawable) with handle 0x755bc467a010
03-18 21:04:15.306 29950 29950 D LifecycleMonitor: Lifecycle status change: ca.dal.cs.csci3130.g01.Profile@2db36d0 in: STOPPED
03-18 21:04:15.306 29950 29950 V ActivityScenario: Activity lifecycle changed event received but ignored because the intent does not match. startActivityIntent=Intent { act=android.intent.action.MAIN cat=[android.intent.category.LAUNCHER] flg=0x10008000 cmp=ca.dal.cs.csci3130.g01/.LoginPage }, activity.getIntent()=Intent { cmp=ca.dal.cs.csci3130.g01/.Profile (has extras) }, activity=ca.dal.cs.csci3130.g01.Profile@2db36d0
03-18 21:04:15.306   418   458 D goldfish-address-space: claimShared: Ask to claim region [0x3e8000000 0x3e9065000]
03-18 21:04:15.314 29950 29950 W OnBackInvokedCallback: OnBackInvokedCallback is not enabled for the application.
03-18 21:04:15.314 29950 29950 W OnBackInvokedCallback: Set 'android:enableOnBackInvokedCallback="true"' in the application manifest.
03-18 21:04:15.319 10879 10879 D BoundBrokerSvc: onBind: Intent { act=com.google.android.gms.common.BIND_SHARED_PREFS pkg=com.google.android.gms }
03-18 21:04:15.319 10879 10879 D BoundBrokerSvc: Loading bound service for intent: Intent { act=com.google.android.gms.common.BIND_SHARED_PREFS pkg=com.google.android.gms }
03-18 21:04:15.339 10879 10879 D BoundBrokerSvc: onUnbind: Intent { act=com.google.android.gms.common.BIND_SHARED_PREFS pkg=com.google.android.gms }
03-18 21:04:15.377   418   458 D goldfish-address-space: claimShared: Ask to claim region [0x3ea714000 0x3eb779000]
03-18 21:04:15.387 29950 29950 D InsetsController: show(ime(), fromIme=true)
03-18 21:04:15.388  1862  1862 I DeviceModeUtil: DeviceModeUtil.getDeviceMode():117 Get device mode phone by ui mode:1 and smallestScreenWidthDp:411
03-18 21:04:15.390  1862  1862 I DeviceModeUtil: DeviceModeUtil.getDeviceMode():117 Get device mode phone by ui mode:1 and smallestScreenWidthDp:411
03-18 21:04:15.390  1862  1862 I NormalModeController: NormalModeController.getKeyboardBodyViewHolderPaddingBottom():111 currentPrimeKeyboardType:SOFT systemPaddingBottom:-1
03-18 21:04:15.392  1862  2720 I Delight5Decoder: Delight5DecoderWrapper.setKeyboardLayout():442 setKeyboardLayout()
03-18 21:04:15.409  1862  2720 I Delight5Decoder: Delight5DecoderWrapper.setKeyboardLayout():442 setKeyboardLayout()
03-18 21:04:15.416   418   458 D goldfish-address-space: claimShared: Ask to claim region [0x3e5c1c000 0x3e6c81000]
03-18 21:04:15.426   471   484 W TransactionTracing: Could not find layer handle 0x78c1d02a61f0
03-18 21:04:15.428  1862  1862 W TooltipLifecycleManager: TooltipLifecycleManager.dismissTooltips():159 Tooltip with id spell_check_add_to_dictionary not found in tooltipManager.
03-18 21:04:15.437 10879 10879 D BoundBrokerSvc: onBind: Intent { act=com.google.android.gms.common.BIND_SHARED_PREFS pkg=com.google.android.gms }
03-18 21:04:15.437 10879 10879 D BoundBrokerSvc: Loading bound service for intent: Intent { act=com.google.android.gms.common.BIND_SHARED_PREFS pkg=com.google.android.gms }
03-18 21:04:15.441 10879 10879 D BoundBrokerSvc: onUnbind: Intent { act=com.google.android.gms.common.BIND_SHARED_PREFS pkg=com.google.android.gms }
03-18 21:04:15.541 29950 29950 D UiControllerImpl: Injecting string: "test12appproject@gmail.com"
03-18 21:04:15.545   655  2158 D InputDispatcher: Touch mode switch rejected, caller (pid=0, uid=10160) doesn't own the focused window nor none of the previously interacted window
03-18 21:04:15.593  1091  1173 D EGL_emulation: app_time_stats: avg=912.36ms min=78.81ms max=2505.40ms count=3
03-18 21:04:15.724 29950 29983 D EGL_emulation: app_time_stats: avg=48.37ms min=3.55ms max=279.57ms count=18
03-18 21:04:15.736   471   484 W TransactionTracing: Could not find layer id -1
03-18 21:04:15.736   471   484 W TransactionTracing: Could not find layer id -1
03-18 21:04:15.893  1862  2720 I native  : I0000 00:00:1679184255.892954    2720 input-context-store.cc:239] Ignoring stale client request for FetchSuggestions
03-18 21:04:15.896  1862  1862 W InputContextProxy: InputContextProxy.applyClientDiffInternal():920 Ignore [FetchSuggestions] diff due to stale request: 1207<1221, inputStateId=934, lastInputStateId=934
03-18 21:04:15.917  1862  1862 W InputContextProxy: InputContextProxy.applyClientDiffInternal():920 Ignore [FetchSuggestions] diff due to stale request: 1221<1223, inputStateId=935, lastInputStateId=936
03-18 21:04:15.953  1862  1862 I KeyboardViewController: KeyboardViewController.lambda$showSelfAndAncestors$6():610 current view doesn't has the priority com.google.android.apps.inputmethod.latin.keyboard.widget.LatinFixedCountCandidatesHolderView{fd83697 I.E...... ......ID 147,0-1279,154 #7f0b13d8 app:id/softkey_holder_fixed_candidates} to show itself, PREEMPTIVE
03-18 21:04:15.982  1862  1862 I KeyboardViewController: KeyboardViewController.lambda$showSelfAndAncestors$6():610 current view doesn't has the priority com.google.android.apps.inputmethod.latin.keyboard.widget.LatinFixedCountCandidatesHolderView{fd83697 I.E...... ......ID 147,0-1279,154 #7f0b13d8 app:id/softkey_holder_fixed_candidates} to show itself, PREEMPTIVE
03-18 21:04:16.017  1862  1862 I KeyboardViewController: KeyboardViewController.lambda$showSelfAndAncestors$6():610 current view doesn't has the priority com.google.android.apps.inputmethod.latin.keyboard.widget.LatinFixedCountCandidatesHolderView{fd83697 I.E...... ......ID 147,0-1279,154 #7f0b13d8 app:id/softkey_holder_fixed_candidates} to show itself, PREEMPTIVE
03-18 21:04:16.051  1862  1862 I KeyboardViewController: KeyboardViewController.lambda$showSelfAndAncestors$6():610 current view doesn't has the priority com.google.android.apps.inputmethod.latin.keyboard.widget.LatinFixedCountCandidatesHolderView{fd83697 I.E...... ......ID 147,0-1279,154 #7f0b13d8 app:id/softkey_holder_fixed_candidates} to show itself, PREEMPTIVE
03-18 21:04:16.090  1862  1862 I KeyboardViewController: KeyboardViewController.lambda$showSelfAndAncestors$6():610 current view doesn't has the priority com.google.android.apps.inputmethod.latin.keyboard.widget.LatinFixedCountCandidatesHolderView{fd83697 I.E...... ......ID 147,0-1279,154 #7f0b13d8 app:id/softkey_holder_fixed_candidates} to show itself, PREEMPTIVE
03-18 21:04:16.112  1862  1862 W InputContextProxy: InputContextProxy.applyClientDiffInternal():920 Ignore [FetchSuggestions] diff due to stale request: 1233<1234, inputStateId=947, lastInputStateId=948
03-18 21:04:16.123   471   484 W TransactionTracing: Could not find layer id -1
03-18 21:04:16.123   471   484 W TransactionTracing: Could not find layer id -1
03-18 21:04:16.123   471   484 W TransactionTracing: Could not find layer id -1
03-18 21:04:16.123   471   484 W TransactionTracing: Could not find layer id -1
03-18 21:04:16.135  1862  1862 I KeyboardViewController: KeyboardViewController.lambda$showSelfAndAncestors$6():610 current view doesn't has the priority com.google.android.apps.inputmethod.latin.keyboard.widget.LatinFixedCountCandidatesHolderView{fd83697 I.E...... ......ID 147,0-1279,154 #7f0b13d8 app:id/softkey_holder_fixed_candidates} to show itself, PREEMPTIVE
03-18 21:04:16.166  1862  1862 W InputContextProxy: InputContextProxy.applyClientDiffInternal():920 Ignore [FetchSuggestions] diff due to stale request: 1237<1238, inputStateId=951, lastInputStateId=950
03-18 21:04:16.169  1862  1862 I KeyboardViewController: KeyboardViewController.lambda$showSelfAndAncestors$6():610 current view doesn't has the priority com.google.android.apps.inputmethod.latin.keyboard.widget.LatinFixedCountCandidatesHolderView{fd83697 I.E...... ......ID 147,0-1279,154 #7f0b13d8 app:id/softkey_holder_fixed_candidates} to show itself, PREEMPTIVE
