03-18 21:04:16.258  1077  1077 I wpa_supplicant: wlan0: CTRL-EVENT-BEACON-LOSS
03-18 21:04:16.301  1091  1173 D EGL_emulation: app_time_stats: avg=687.62ms min=4.75ms max=3876.37ms count=6
03-18 21:04:16.586 29950 29950 I ViewInteraction: Performing 'close keyboard' action on view view.getId() is <2131296456/ca.dal.cs.csci3130.g01:id/et_from_email>
03-18 21:04:16.587 29950 29950 D IdlingRegistry: Registering idling resources: [androidx.test.espresso.action.CloseKeyboardAction$CloseKeyboardIdlingResult@ed62792]
03-18 21:04:16.591  1862  1862 I GoogleInputMethodService: GoogleInputMethodService.onFinishInputView():2266
03-18 21:04:16.592  1862  1862 W TooltipLifecycleManager: TooltipLifecycleManager.dismissTooltips():159 Tooltip with id spell_check_add_to_dictionary not found in tooltipManager.
03-18 21:04:16.594  1862  1862 I InputBundle: InputBundle.consumeEvent():894 Skip consuming an event as keyboard status is 0
03-18 21:04:16.594  1862  1862 I KeyboardWrapper: KeyboardWrapper.consumeEvent():273 Skip consuming an event as current keyboard is deactivated (state=0, keyboard existence=true)
03-18 21:04:16.594  1862  1862 I VoiceInputManagerWrapper: VoiceInputManagerWrapper.shutdown():77 shutdown()
03-18 21:04:16.594  1862  1862 I AndroidIME: AbstractIme.onDeactivate():213 LatinIme.onDeactivate()
03-18 21:04:16.604  1862  5942 E native  : E0000 00:00:1679184256.604703    5942 keyboard.cc:26] Cannot create a keyboard with 0 valid keys
03-18 21:04:16.615  1091  1173 D EGL_emulation: app_time_stats: avg=4.01ms min=1.18ms max=30.57ms count=32
03-18 21:04:16.621  1862  2559 D EGL_emulation: app_time_stats: avg=123.97ms min=2.24ms max=458.17ms count=9
03-18 21:04:16.910 29950 29950 D IdlingRegistry: Unregistering idling resources: [androidx.test.espresso.action.CloseKeyboardAction$CloseKeyboardIdlingResult@ed62792]
03-18 21:04:16.914 29950 29950 I ViewInteraction: Performing 'replace text()' action on view view.getId() is <2131296458/ca.dal.cs.csci3130.g01:id/et_password>
03-18 21:04:16.921 29950 29950 I ViewInteraction: Performing 'type text(wlkhkntczgufmqlh)' action on view view.getId() is <2131296458/ca.dal.cs.csci3130.g01:id/et_password>
03-18 21:04:16.921 29950 29983 D EGL_emulation: app_time_stats: avg=27.54ms min=1.61ms max=309.54ms count=27
03-18 21:04:16.924  1477  1477 D TaplEvents: TIS / TouchInteractionService.onInputEvent: MotionEvent { action=ACTION_DOWN, actionButton=0, id[0]=0, x[0]=719.5, y[0]=624.5, toolType[0]=TOOL_TYPE_UNKNOWN, buttonState=BUTTON_PRIMARY, classification=NONE, metaState=0, flags=0x0, edgeFlags=0x0, pointerCount=1, historySize=0, eventTime=14403705, downTime=14403705, deviceId=-1, source=0x1002, displayId=0, eventId=-562551549 }
03-18 21:04:16.965  1477  1477 D TaplEvents: TIS / TouchInteractionService.onInputEvent: MotionEvent { action=ACTION_UP, actionButton=0, id[0]=0, x[0]=719.5, y[0]=624.5, toolType[0]=TOOL_TYPE_UNKNOWN, buttonState=BUTTON_PRIMARY, classification=NONE, metaState=0, flags=0x0, edgeFlags=0x0, pointerCount=1, historySize=0, eventTime=14403746, downTime=14403705, deviceId=-1, source=0x1002, displayId=0, eventId=-335823633 }
03-18 21:04:16.968 29950 29950 D InputMethodManager: showSoftInput() view=androidx.appcompat.widget.AppCompatEditText{670badf VFED..CL. .F.P..ID 56,214-1384,372 #7f0900ca app:id/et_password aid=1073741825} flags=0 reason=SHOW_SOFT_INPUT
03-18 21:04:16.968  1862  1862 I GoogleInputMethodService: GoogleInputMethodService.onFinishInput():3220
03-18 21:04:16.976  1862  1862 I GoogleInputMethodService: GoogleInputMethodService.updateDeviceLockedStatus():2114 repeatCheckTimes = 0, unlocked = true
03-18 21:04:16.978  1862  1862 I GoogleInputMethodService: GoogleInputMethodService.onStartInput():1919 onStartInput(EditorInfo{inputType=0x81(Password) imeOptions=0xc000005 privateImeOptions=null actionName=NEXT actionLabel=null actionId=0 initialSelStart=0 initialSelEnd=0 initialCapsMode=0x0 hintText=non-empty label=null packageName=ca.dal.cs.csci3130.g01 fieldId=2131296458 fieldName=null extras=Bundle[mParcelledData.dataSize=240]}, false)
03-18 21:04:16.979  1862  1862 I GoogleInputMethodService: GoogleInputMethodService.updateDeviceLockedStatus():2114 repeatCheckTimes = 2, unlocked = true
03-18 21:04:16.980  1862  1862 I DeviceModeUtil: DeviceModeUtil.getDeviceMode():117 Get device mode phone by ui mode:1 and smallestScreenWidthDp:411
03-18 21:04:16.981  1862  1862 I GoogleInputMethodService: GoogleInputMethodService.onStartInputView():2023 onStartInputView(EditorInfo{inputType=0x81(Password) imeOptions=0xc000005 privateImeOptions=null actionName=NEXT actionLabel=null actionId=0 initialSelStart=0 initialSelEnd=0 initialCapsMode=0x0 hintText=non-empty label=null packageName=ca.dal.cs.csci3130.g01 fieldId=2131296458 fieldName=null extras=Bundle[{android.support.text.emoji.emojiCompat_metadataVersion=8, android.support.text.emoji.emojiCompat_replaceAll=false}]}, false)
03-18 21:04:16.984  1862  1862 I GoogleInputMethodService: GoogleInputMethodService.updateDeviceLockedStatus():2114 repeatCheckTimes = 2, unlocked = true
03-18 21:04:16.986  1862  1968 I DeviceModeUtil: DeviceModeUtil.getDeviceMode():117 Get device mode phone by ui mode:1 and smallestScreenWidthDp:411
03-18 21:04:16.990  1862  1862 I KeyboardViewUtil: KeyboardViewUtil.getKeyboardHeightRatio():168 systemKeyboardHeightRatio:1.000000; userKeyboardHeightRatio:1.000000.
03-18 21:04:16.990  1862  1862 I AndroidIME: AbstractIme.onActivate():91 PasswordIme.onActivate() : EditorInfo = inputType=0x81(Password) imeOptions=0xc000005 privateImeOptions=null actionName=NEXT actionLabel=null actionId=0 initialSelStart=0 initialSelEnd=0 initialCapsMode=0x0 hintText=non-empty label=null packageName=ca.dal.cs.csci3130.g01 fieldId=2131296458 fieldName=null extras=Bundle[{android.support.text.emoji.emojiCompat_metadataVersion=8, android.support.text.emoji.emojiCompat_replaceAll=false}], IncognitoMode = false, DeviceLocked = false
03-18 21:04:16.993  1862  1862 I KeyboardViewHelper: KeyboardViewHelper.getView():168 Get view with height ratio:1.000000
03-18 21:04:16.997  1862  1862 I KeyboardViewUtil: KeyboardViewUtil.calculateMaxKeyboardBodyHeight():44 leave 473 height for app when screen height:2952, header height:154 and isFullscreenMode:false, so the max keyboard body height is:2325
03-18 21:04:17.000  1862  1862 I KeyboardViewUtil: KeyboardViewUtil.calculateMaxKeyboardBodyHeight():44 leave 473 height for app when screen height:2952, header height:154 and isFullscreenMode:false, so the max keyboard body height is:2325
03-18 21:04:17.007  1862  1862 I DeviceModeUtil: DeviceModeUtil.getDeviceMode():117 Get device mode phone by ui mode:1 and smallestScreenWidthDp:411
03-18 21:04:17.009  1862  1862 I DeviceModeUtil: DeviceModeUtil.getDeviceMode():117 Get device mode phone by ui mode:1 and smallestScreenWidthDp:411
03-18 21:04:17.010  1862  1862 I DeviceModeUtil: DeviceModeUtil.getDeviceMode():117 Get device mode phone by ui mode:1 and smallestScreenWidthDp:411
03-18 21:04:17.010  1862  1862 I NormalModeController: NormalModeController.getKeyboardBodyViewHolderPaddingBottom():111 currentPrimeKeyboardType:SOFT systemPaddingBottom:-1
03-18 21:04:17.010  1862  1862 I NormalModeController: NormalModeController.getKeyboardBodyViewHolderPaddingBottom():111 currentPrimeKeyboardType:SOFT systemPaddingBottom:-1
03-18 21:04:17.015  1862  1862 I ProactiveSuggestionsHolderManager: ProactiveSuggestionsHolderManager$3.display():214 Requesting to show proactive suggestions: CLIPBOARD PREEMPTIVE_WITH_SUPPRESSION
03-18 21:04:17.016  1862  1862 I CurrentMicStatusHolder: CurrentMicStatusHolder.onStartInputView():79 Current Mic status = {MicIconHidden-SettingOff,MicIconHidden-PasswordOrNumberOrDateInputType,}
03-18 21:04:17.016  1862  1862 I VoiceImeExtension: VoiceImeExtension.shouldStartVoiceInputAutomatically():382 No private IME option set to start voice input.
03-18 21:04:17.018 29950 29950 W OnBackInvokedCallback: OnBackInvokedCallback is not enabled for the application.
03-18 21:04:17.018 29950 29950 W OnBackInvokedCallback: Set 'android:enableOnBackInvokedCallback="true"' in the application manifest.
03-18 21:04:17.024 29950 29950 D InsetsController: show(ime(), fromIme=true)
03-18 21:04:17.032  1862  1862 I DeviceModeUtil: DeviceModeUtil.getDeviceMode():117 Get device mode phone by ui mode:1 and smallestScreenWidthDp:411
03-18 21:04:17.033  1862  1862 I DeviceModeUtil: DeviceModeUtil.getDeviceMode():117 Get device mode phone by ui mode:1 and smallestScreenWidthDp:411
03-18 21:04:17.045 10879 10879 D BoundBrokerSvc: onBind: Intent { act=com.google.android.gms.common.BIND_SHARED_PREFS pkg=com.google.android.gms }
03-18 21:04:17.045 10879 10879 D BoundBrokerSvc: Loading bound service for intent: Intent { act=com.google.android.gms.common.BIND_SHARED_PREFS pkg=com.google.android.gms }
03-18 21:04:17.048 10879 10879 D BoundBrokerSvc: onUnbind: Intent { act=com.google.android.gms.common.BIND_SHARED_PREFS pkg=com.google.android.gms }
03-18 21:04:17.051   471   484 W TransactionTracing: Could not find layer handle 0x78c1d02a8a10
03-18 21:04:17.057 10879 10879 D BoundBrokerSvc: onBind: Intent { act=com.google.android.gms.common.BIND_SHARED_PREFS pkg=com.google.android.gms }
03-18 21:04:17.057 10879 10879 D BoundBrokerSvc: Loading bound service for intent: Intent { act=com.google.android.gms.common.BIND_SHARED_PREFS pkg=com.google.android.gms }
03-18 21:04:17.066 10879 10879 D BoundBrokerSvc: onUnbind: Intent { act=com.google.android.gms.common.BIND_SHARED_PREFS pkg=com.google.android.gms }
03-18 21:04:17.205 29950 29950 D UiControllerImpl: Injecting string: "wlkhkntczgufmqlh"
03-18 21:04:17.210   655  2158 D InputDispatcher: Touch mode switch rejected, caller (pid=0, uid=10160) doesn't own the focused window nor none of the previously interacted window
03-18 21:04:17.223  1862  1862 I KeyboardViewController: KeyboardViewController.lambda$showSelfAndAncestors$6():610 current view doesn't has the priority android.widget.LinearLayout{e698999 I.E...... .......D 0,0-1440,154 #7f0b0399 app:id/key_pos_password_header_numbers} to show itself, DEFAULT
03-18 21:04:17.256 29950 29967 W System  : A resource failed to call CursorWindow.close.
03-18 21:04:17.256 29950 29967 W System  : A resource failed to call AbstractCursor.close.
03-18 21:04:17.256 29950 29967 W System  : A resource failed to call CursorWindow.close.
03-18 21:04:17.256 29950 29967 W System  : A resource failed to call AbstractCursor.close.
03-18 21:04:17.256 29950 29967 W System  : A resource failed to call close.
03-18 21:04:17.256 29950 29967 W System  : A resource failed to call CursorWindow.close.
03-18 21:04:17.256 29950 29967 W System  : A resource failed to call AbstractCursor.close.
03-18 21:04:17.256 29950 29967 W System  : A resource failed to call close.
03-18 21:04:17.256 29950 29967 W System  : A resource failed to call CursorWindow.close.
03-18 21:04:17.256 29950 29967 W System  : A resource failed to call AbstractCursor.close.
03-18 21:04:17.256 29950 29967 W System  : A resource failed to call close.
03-18 21:04:17.265  1862  1862 I KeyboardViewController: KeyboardViewController.lambda$showSelfAndAncestors$6():610 current view doesn't has the priority android.widget.LinearLayout{e698999 I.E...... .......D 0,0-1440,154 #7f0b0399 app:id/key_pos_password_header_numbers} to show itself, DEFAULT
03-18 21:04:17.295  1862  1862 I KeyboardViewController: KeyboardViewController.lambda$showSelfAndAncestors$6():610 current view doesn't has the priority android.widget.LinearLayout{e698999 I.E...... .......D 0,0-1440,154 #7f0b0399 app:id/key_pos_password_header_numbers} to show itself, DEFAULT
03-18 21:04:17.309  1862  1862 I KeyboardViewController: KeyboardViewController.lambda$showSelfAndAncestors$6():610 current view doesn't has the priority android.widget.LinearLayout{e698999 I.E...... .......D 0,0-1440,154 #7f0b0399 app:id/key_pos_password_header_numbers} to show itself, DEFAULT
03-18 21:04:17.331  1862  1862 I KeyboardViewController: KeyboardViewController.lambda$showSelfAndAncestors$6():610 current view doesn't has the priority android.widget.LinearLayout{e698999 I.E...... .......D 0,0-1440,154 #7f0b0399 app:id/key_pos_password_header_numbers} to show itself, DEFAULT
03-18 21:04:17.370  1862  1862 I KeyboardViewController: KeyboardViewController.lambda$showSelfAndAncestors$6():610 current view doesn't has the priority android.widget.LinearLayout{e698999 I.E...... .......D 0,0-1440,154 #7f0b0399 app:id/key_pos_password_header_numbers} to show itself, DEFAULT
03-18 21:04:17.392  1862  1862 I KeyboardViewController: KeyboardViewController.lambda$showSelfAndAncestors$6():610 current view doesn't has the priority android.widget.LinearLayout{e698999 I.E...... .......D 0,0-1440,154 #7f0b0399 app:id/key_pos_password_header_numbers} to show itself, DEFAULT
03-18 21:04:17.419  1862  1862 I KeyboardViewController: KeyboardViewController.lambda$showSelfAndAncestors$6():610 current view doesn't has the priority android.widget.LinearLayout{e698999 I.E...... .......D 0,0-1440,154 #7f0b0399 app:id/key_pos_password_header_numbers} to show itself, DEFAULT
03-18 21:04:17.451  1862  1862 I KeyboardViewController: KeyboardViewController.lambda$showSelfAndAncestors$6():610 current view doesn't has the priority android.widget.LinearLayout{e698999 I.E...... .......D 0,0-1440,154 #7f0b0399 app:id/key_pos_password_header_numbers} to show itself, DEFAULT
03-18 21:04:17.481  1862  1862 I KeyboardViewController: KeyboardViewController.lambda$showSelfAndAncestors$6():610 current view doesn't has the priority android.widget.LinearLayout{e698999 I.E...... .......D 0,0-1440,154 #7f0b0399 app:id/key_pos_password_header_numbers} to show itself, DEFAULT
03-18 21:04:17.516  1862  1862 I KeyboardViewController: KeyboardViewController.lambda$showSelfAndAncestors$6():610 current view doesn't has the priority android.widget.LinearLayout{e698999 I.E...... .......D 0,0-1440,154 #7f0b0399 app:id/key_pos_password_header_numbers} to show itself, DEFAULT
03-18 21:04:17.551  1862  1862 I KeyboardViewController: KeyboardViewController.lambda$showSelfAndAncestors$6():610 current view doesn't has the priority android.widget.LinearLayout{e698999 I.E...... .......D 0,0-1440,154 #7f0b0399 app:id/key_pos_password_header_numbers} to show itself, DEFAULT
03-18 21:04:17.580  1862  1862 I KeyboardViewController: KeyboardViewController.lambda$showSelfAndAncestors$6():610 current view doesn't has the priority android.widget.LinearLayout{e698999 I.E...... .......D 0,0-1440,154 #7f0b0399 app:id/key_pos_password_header_numbers} to show itself, DEFAULT
03-18 21:04:17.612  1862  1862 I KeyboardViewController: KeyboardViewController.lambda$showSelfAndAncestors$6():610 current view doesn't has the priority android.widget.LinearLayout{e698999 I.E...... .......D 0,0-1440,154 #7f0b0399 app:id/key_pos_password_header_numbers} to show itself, DEFAULT
03-18 21:04:17.645  1091  1173 D EGL_emulation: app_time_stats: avg=2.37ms min=1.24ms max=6.87ms count=33
03-18 21:04:17.645  1862  1862 I KeyboardViewController: KeyboardViewController.lambda$showSelfAndAncestors$6():610 current view doesn't has the priority android.widget.LinearLayout{e698999 I.E...... .......D 0,0-1440,154 #7f0b0399 app:id/key_pos_password_header_numbers} to show itself, DEFAULT
03-18 21:04:17.679  1862  1862 I KeyboardViewController: KeyboardViewController.lambda$showSelfAndAncestors$6():610 current view doesn't has the priority android.widget.LinearLayout{e698999 I.E...... .......D 0,0-1440,154 #7f0b0399 app:id/key_pos_password_header_numbers} to show itself, DEFAULT
03-18 21:04:17.689 29950 29950 I ViewInteraction: Performing 'close keyboard' action on view view.getId() is <2131296458/ca.dal.cs.csci3130.g01:id/et_password>
03-18 21:04:17.690 29950 29950 D IdlingRegistry: Registering idling resources: [androidx.test.espresso.action.CloseKeyboardAction$CloseKeyboardIdlingResult@10492c1]
03-18 21:04:17.694  1862  1862 I GoogleInputMethodService: GoogleInputMethodService.onFinishInputView():2266
03-18 21:04:17.695  1862  1862 W TooltipLifecycleManager: TooltipLifecycleManager.dismissTooltips():159 Tooltip with id spell_check_add_to_dictionary not found in tooltipManager.
03-18 21:04:17.696  1862  1862 I AndroidIME: AbstractIme.onDeactivate():213 PasswordIme.onDeactivate()
03-18 21:04:17.712  1862  2559 D EGL_emulation: app_time_stats: avg=136.17ms min=2.63ms max=520.23ms count=7
03-18 21:04:18.005 29950 29950 D IdlingRegistry: Unregistering idling resources: [androidx.test.espresso.action.CloseKeyboardAction$CloseKeyboardIdlingResult@10492c1]
03-18 21:04:18.007 29950 29950 I ViewInteraction: Performing 'replace text()' action on view view.getId() is <2131296460/ca.dal.cs.csci3130.g01:id/et_to_email>
03-18 21:04:18.026 29950 29983 D EGL_emulation: app_time_stats: avg=36.64ms min=2.13ms max=316.86ms count=20
03-18 21:04:18.028 29950 29950 I ViewInteraction: Performing 'type text(monther.s122@gmail.com)' action on view view.getId() is <2131296460/ca.dal.cs.csci3130.g01:id/et_to_email>
03-18 21:04:18.032  1477  1477 D TaplEvents: TIS / TouchInteractionService.onInputEvent: MotionEvent { action=ACTION_DOWN, actionButton=0, id[0]=0, x[0]=719.5, y[0]=782.5, toolType[0]=TOOL_TYPE_UNKNOWN, buttonState=BUTTON_PRIMARY, classification=NONE, metaState=0, flags=0x0, edgeFlags=0x0, pointerCount=1, historySize=0, eventTime=14404813, downTime=14404813, deviceId=-1, source=0x1002, displayId=0, eventId=-457018953 }
03-18 21:04:18.075  1477  1477 D TaplEvents: TIS / TouchInteractionService.onInputEvent: MotionEvent { action=ACTION_UP, actionButton=0, id[0]=0, x[0]=719.5, y[0]=782.5, toolType[0]=TOOL_TYPE_UNKNOWN, buttonState=BUTTON_PRIMARY, classification=NONE, metaState=0, flags=0x0, edgeFlags=0x0, pointerCount=1, historySize=0, eventTime=14404857, downTime=14404813, deviceId=-1, source=0x1002, displayId=0, eventId=-553784444 }
03-18 21:04:18.081  1862  1862 I GoogleInputMethodService: GoogleInputMethodService.onFinishInput():3220
03-18 21:04:18.082 29950 29950 D InputMethodManager: showSoftInput() view=androidx.appcompat.widget.AppCompatEditText{e69b32c VFED..CL. .F.P..ID 56,372-1384,530 #7f0900cc app:id/et_to_email aid=1073741826} flags=0 reason=SHOW_SOFT_INPUT
03-18 21:04:18.083  1862  1862 I GoogleInputMethodService: GoogleInputMethodService.updateDeviceLockedStatus():2114 repeatCheckTimes = 0, unlocked = true
03-18 21:04:18.083  1862  1862 I GoogleInputMethodService: GoogleInputMethodService.onStartInput():1919 onStartInput(EditorInfo{inputType=0x20001(Normal) imeOptions=0x4c000005 privateImeOptions=null actionName=NEXT actionLabel=null actionId=0 initialSelStart=0 initialSelEnd=0 initialCapsMode=0x0 hintText=non-empty label=null packageName=ca.dal.cs.csci3130.g01 fieldId=2131296460 fieldName=null extras=Bundle[mParcelledData.dataSize=240]}, false)
03-18 21:04:18.084  1862  1862 I GoogleInputMethodService: GoogleInputMethodService.updateDeviceLockedStatus():2114 repeatCheckTimes = 2, unlocked = true
03-18 21:04:18.092  1862  1862 I DeviceModeUtil: DeviceModeUtil.getDeviceMode():117 Get device mode phone by ui mode:1 and smallestScreenWidthDp:411
03-18 21:04:18.095  1862  1862 I GoogleInputMethodService: GoogleInputMethodService.onStartInputView():2023 onStartInputView(EditorInfo{inputType=0x20001(Normal) imeOptions=0x4c000005 privateImeOptions=null actionName=NEXT actionLabel=null actionId=0 initialSelStart=0 initialSelEnd=0 initialCapsMode=0x0 hintText=non-empty label=null packageName=ca.dal.cs.csci3130.g01 fieldId=2131296460 fieldName=null extras=Bundle[{android.support.text.emoji.emojiCompat_metadataVersion=8, android.support.text.emoji.emojiCompat_replaceAll=false}]}, false)
03-18 21:04:18.097  1862  1968 I DeviceModeUtil: DeviceModeUtil.getDeviceMode():117 Get device mode phone by ui mode:1 and smallestScreenWidthDp:411
03-18 21:04:18.097  1862  1862 I GoogleInputMethodService: GoogleInputMethodService.updateDeviceLockedStatus():2114 repeatCheckTimes = 2, unlocked = true
03-18 21:04:18.099  1862  1862 I KeyboardViewUtil: KeyboardViewUtil.getKeyboardHeightRatio():168 systemKeyboardHeightRatio:1.000000; userKeyboardHeightRatio:1.000000.
03-18 21:04:18.100  1862  1862 I AndroidIME: AbstractIme.onActivate():91 LatinIme.onActivate() : EditorInfo = inputType=0x20001(Normal) imeOptions=0x4c000005 privateImeOptions=null actionName=NEXT actionLabel=null actionId=0 initialSelStart=0 initialSelEnd=0 initialCapsMode=0x0 hintText=non-empty label=null packageName=ca.dal.cs.csci3130.g01 fieldId=2131296460 fieldName=null extras=Bundle[{android.support.text.emoji.emojiCompat_metadataVersion=8, android.support.text.emoji.emojiCompat_replaceAll=false}], IncognitoMode = false, DeviceLocked = false
03-18 21:04:18.100  1862  1862 I Delight5Facilitator: Delight5Facilitator.initializeForIme():777 initializeForIme() : Locale = [en_US], layout = qwerty
03-18 21:04:18.100  1862  1862 I VoiceInputManagerWrapper: VoiceInputManagerWrapper.cancelShutdown():55 cancelShutdown()
03-18 21:04:18.100  1862  1862 I VoiceInputManagerWrapper: VoiceInputManagerWrapper.syncLanguagePacks():67 syncLanguagePacks()
03-18 21:04:18.101  1862  1862 I LatinIme: LatinIme.updateEnableInlineSuggestionsOnDecoderSideFlags():1295 inline flag updated to:false
03-18 21:04:18.101  1862  5359 I SpeechFactory: SpeechRecognitionFactory.maybeScheduleAutoPackDownloadForFallback():202 maybeScheduleAutoPackDownloadForFallback()
03-18 21:04:18.101  1862  5359 I FallbackOnDeviceRecognitionProvider: FallbackOnDeviceRecognitionProvider.maybeScheduleAutoPackDownload():196 maybeScheduleAutoPackDownload() for language tag en-US
03-18 21:04:18.108  1862  1862 I KeyboardWrapper: KeyboardWrapper.consumeEvent():273 Skip consuming an event as current keyboard is deactivated (state=0, keyboard existence=true)
03-18 21:04:18.117  1862  1862 I KeyboardViewHelper: KeyboardViewHelper.getView():168 Get view with height ratio:1.000000
03-18 21:04:18.119   471   484 W TransactionTracing: Could not find layer id -1
03-18 21:04:18.125  1862  1862 I KeyboardViewUtil: KeyboardViewUtil.calculateMaxKeyboardBodyHeight():44 leave 473 height for app when screen height:2952, header height:154 and isFullscreenMode:false, so the max keyboard body height is:2325
03-18 21:04:18.128  1862  1862 I DeviceModeUtil: DeviceModeUtil.getDeviceMode():117 Get device mode phone by ui mode:1 and smallestScreenWidthDp:411
03-18 21:04:18.129  1862  1862 I KeyboardViewUtil: KeyboardViewUtil.calculateMaxKeyboardBodyHeight():44 leave 473 height for app when screen height:2952, header height:154 and isFullscreenMode:false, so the max keyboard body height is:2325
03-18 21:04:18.131  1862  1862 I DeviceModeUtil: DeviceModeUtil.getDeviceMode():117 Get device mode phone by ui mode:1 and smallestScreenWidthDp:411
03-18 21:04:18.132  1862  1862 I DeviceModeUtil: DeviceModeUtil.getDeviceMode():117 Get device mode phone by ui mode:1 and smallestScreenWidthDp:411
03-18 21:04:18.133  1862  1862 I DeviceModeUtil: DeviceModeUtil.getDeviceMode():117 Get device mode phone by ui mode:1 and smallestScreenWidthDp:411
03-18 21:04:18.134  1862  1862 I NormalModeController: NormalModeController.getKeyboardBodyViewHolderPaddingBottom():111 currentPrimeKeyboardType:SOFT systemPaddingBottom:-1
03-18 21:04:18.134  1862  1862 I NormalModeController: NormalModeController.getKeyboardBodyViewHolderPaddingBottom():111 currentPrimeKeyboardType:SOFT systemPaddingBottom:-1
03-18 21:04:18.139  1862  1862 I ProactiveSuggestionsHolderManager: ProactiveSuggestionsHolderManager$3.display():214 Requesting to show proactive suggestions: CLIPBOARD PREEMPTIVE_WITH_SUPPRESSION
03-18 21:04:18.142  1862  1862 I VoiceImeExtension: VoiceImeExtension.shouldStartVoiceInputAutomatically():382 No private IME option set to start voice input.
03-18 21:04:18.144 29950 29950 W OnBackInvokedCallback: OnBackInvokedCallback is not enabled for the application.
03-18 21:04:18.144 29950 29950 W OnBackInvokedCallback: Set 'android:enableOnBackInvokedCallback="true"' in the application manifest.
03-18 21:04:18.145 29950 29950 D InsetsController: show(ime(), fromIme=true)
03-18 21:04:18.152 10879 10879 D BoundBrokerSvc: onBind: Intent { act=com.google.android.gms.common.BIND_SHARED_PREFS pkg=com.google.android.gms }
03-18 21:04:18.152 10879 10879 D BoundBrokerSvc: Loading bound service for intent: Intent { act=com.google.android.gms.common.BIND_SHARED_PREFS pkg=com.google.android.gms }
03-18 21:04:18.158 10879 10879 D BoundBrokerSvc: onUnbind: Intent { act=com.google.android.gms.common.BIND_SHARED_PREFS pkg=com.google.android.gms }
03-18 21:04:18.165  1862  1862 I DeviceModeUtil: DeviceModeUtil.getDeviceMode():117 Get device mode phone by ui mode:1 and smallestScreenWidthDp:411
03-18 21:04:18.166  1862  1862 I DeviceModeUtil: DeviceModeUtil.getDeviceMode():117 Get device mode phone by ui mode:1 and smallestScreenWidthDp:411
03-18 21:04:18.166  1862  1862 I NormalModeController: NormalModeController.getKeyboardBodyViewHolderPaddingBottom():111 currentPrimeKeyboardType:SOFT systemPaddingBottom:-1
03-18 21:04:18.170  1862  2720 I Delight5Decoder: Delight5DecoderWrapper.setKeyboardLayout():442 setKeyboardLayout()
03-18 21:04:18.173  1862  2720 I Delight5Decoder: Delight5DecoderWrapper.setKeyboardLayout():442 setKeyboardLayout()
03-18 21:04:18.185 10879 10879 D BoundBrokerSvc: onBind: Intent { act=com.google.android.gms.common.BIND_SHARED_PREFS pkg=com.google.android.gms }
03-18 21:04:18.186 10879 10879 D BoundBrokerSvc: Loading bound service for intent: Intent { act=com.google.android.gms.common.BIND_SHARED_PREFS pkg=com.google.android.gms }
03-18 21:04:18.190 10879 10879 D BoundBrokerSvc: onUnbind: Intent { act=com.google.android.gms.common.BIND_SHARED_PREFS pkg=com.google.android.gms }
03-18 21:04:18.313  1862  1862 W TooltipLifecycleManager: TooltipLifecycleManager.dismissTooltips():159 Tooltip with id spell_check_add_to_dictionary not found in tooltipManager.
03-18 21:04:18.322 29950 29950 D UiControllerImpl: Injecting string: "monther.s122@gmail.com"
03-18 21:04:18.328   655   781 D InputDispatcher: Touch mode switch rejected, caller (pid=0, uid=10160) doesn't own the focused window nor none of the previously interacted window
03-18 21:04:18.385  1862  1862 I KeyboardViewController: KeyboardViewController.lambda$showSelfAndAncestors$6():610 current view doesn't has the priority com.google.android.apps.inputmethod.latin.keyboard.widget.LatinFixedCountCandidatesHolderView{fd83697 I.E...... ......ID 147,0-1279,154 #7f0b13d8 app:id/softkey_holder_fixed_candidates} to show itself, PREEMPTIVE
03-18 21:04:18.417  1862  1862 I KeyboardViewController: KeyboardViewController.lambda$showSelfAndAncestors$6():610 current view doesn't has the priority com.google.android.apps.inputmethod.latin.keyboard.widget.LatinFixedCountCandidatesHolderView{fd83697 I.E...... ......ID 147,0-1279,154 #7f0b13d8 app:id/softkey_holder_fixed_candidates} to show itself, PREEMPTIVE
03-18 21:04:18.449  1862  1862 I KeyboardViewController: KeyboardViewController.lambda$showSelfAndAncestors$6():610 current view doesn't has the priority com.google.android.apps.inputmethod.latin.keyboard.widget.LatinFixedCountCandidatesHolderView{fd83697 I.E...... ......ID 147,0-1279,154 #7f0b13d8 app:id/softkey_holder_fixed_candidates} to show itself, PREEMPTIVE
03-18 21:04:18.487  1862  1862 I KeyboardViewController: KeyboardViewController.lambda$showSelfAndAncestors$6():610 current view doesn't has the priority com.google.android.apps.inputmethod.latin.keyboard.widget.LatinFixedCountCandidatesHolderView{fd83697 I.E...... ......ID 147,0-1279,154 #7f0b13d8 app:id/softkey_holder_fixed_candidates} to show itself, PREEMPTIVE
03-18 21:04:18.518  1862  1862 I KeyboardViewController: KeyboardViewController.lambda$showSelfAndAncestors$6():610 current view doesn't has the priority com.google.android.apps.inputmethod.latin.keyboard.widget.LatinFixedCountCandidatesHolderView{fd83697 I.E...... ......ID 147,0-1279,154 #7f0b13d8 app:id/softkey_holder_fixed_candidates} to show itself, PREEMPTIVE
03-18 21:04:18.541  1862  1862 I KeyboardViewController: KeyboardViewController.lambda$showSelfAndAncestors$6():610 current view doesn't has the priority com.google.android.apps.inputmethod.latin.keyboard.widget.LatinFixedCountCandidatesHolderView{fd83697 I.E...... ......ID 147,0-1279,154 #7f0b13d8 app:id/softkey_holder_fixed_candidates} to show itself, PREEMPTIVE
03-18 21:04:18.571  1862  1862 I KeyboardViewController: KeyboardViewController.lambda$showSelfAndAncestors$6():610 current view doesn't has the priority com.google.android.apps.inputmethod.latin.keyboard.widget.LatinFixedCountCandidatesHolderView{fd83697 I.E...... ......ID 147,0-1279,154 #7f0b13d8 app:id/softkey_holder_fixed_candidates} to show itself, PREEMPTIVE
03-18 21:04:18.602  1862  2720 W Delight5Decoder: Delight5DecoderWrapper.shouldAbandonMessage():1901 Detected old [FetchSuggestions] request in background: 1278<1279
03-18 21:04:18.603  1862  1862 W InputContextProxy: InputContextProxy.applyClientDiffInternal():920 Ignore [FetchSuggestions] diff due to stale request: 1276<1279, inputStateId=990, lastInputStateId=992
03-18 21:04:18.635   471   484 W TransactionTracing: Could not find layer id -1
03-18 21:04:18.636   471   484 W TransactionTracing: Could not find layer id -1
03-18 21:04:18.636   471   484 W TransactionTracing: Could not find layer id -1
03-18 21:04:18.647  1091  1173 D EGL_emulation: app_time_stats: avg=1.96ms min=1.06ms max=5.50ms count=33
03-18 21:04:18.836   471   484 W TransactionTracing: Could not find layer id -1
03-18 21:04:18.836   471   484 W TransactionTracing: Could not find layer id -1
03-18 21:04:18.836   471   484 W TransactionTracing: Could not find layer id -1
03-18 21:04:18.836   471   484 W TransactionTracing: Could not find layer id -1
03-18 21:04:18.936   471   484 W TransactionTracing: Could not find layer id -1
03-18 21:04:19.059 29950 29983 D EGL_emulation: app_time_stats: avg=15.91ms min=1.64ms max=218.69ms count=27
03-18 21:04:19.131 29950 29950 I ViewInteraction: Performing 'close keyboard' action on view view.getId() is <2131296460/ca.dal.cs.csci3130.g01:id/et_to_email>
03-18 21:04:19.131 29950 29950 D IdlingRegistry: Registering idling resources: [androidx.test.espresso.action.CloseKeyboardAction$CloseKeyboardIdlingResult@b5a5ad8]
03-18 21:04:19.133  1862  1862 I GoogleInputMethodService: GoogleInputMethodService.onFinishInputView():2266
03-18 21:04:19.134  1862  1862 W TooltipLifecycleManager: TooltipLifecycleManager.dismissTooltips():159 Tooltip with id spell_check_add_to_dictionary not found in tooltipManager.
03-18 21:04:19.136  1862  1862 I InputBundle: InputBundle.consumeEvent():894 Skip consuming an event as keyboard status is 0
03-18 21:04:19.137  1862  1862 I KeyboardWrapper: KeyboardWrapper.consumeEvent():273 Skip consuming an event as current keyboard is deactivated (state=0, keyboard existence=true)
03-18 21:04:19.137  1862  1862 I VoiceInputManagerWrapper: VoiceInputManagerWrapper.shutdown():77 shutdown()
03-18 21:04:19.137  1862  1862 I AndroidIME: AbstractIme.onDeactivate():213 LatinIme.onDeactivate()
03-18 21:04:19.144  1862  5942 E native  : E0000 00:00:1679184259.144856    5942 keyboard.cc:26] Cannot create a keyboard with 0 valid keys
03-18 21:04:19.164  1862  2559 D EGL_emulation: app_time_stats: avg=121.50ms min=2.26ms max=471.89ms count=11
03-18 21:04:19.318   471   484 W TransactionTracing: Could not find layer id -1
03-18 21:04:19.318   471   484 W TransactionTracing: Could not find layer id -1
03-18 21:04:19.455 29950 29950 D IdlingRegistry: Unregistering idling resources: [androidx.test.espresso.action.CloseKeyboardAction$CloseKeyboardIdlingResult@b5a5ad8]
03-18 21:04:19.458 29950 29950 I ViewInteraction: Performing 'replace text()' action on view view.getId() is <2131296459/ca.dal.cs.csci3130.g01:id/et_subject>
03-18 21:04:19.471 29950 29950 I ViewInteraction: Performing 'type text(Test 2)' action on view view.getId() is <2131296459/ca.dal.cs.csci3130.g01:id/et_subject>
03-18 21:04:19.476  1477  1477 D TaplEvents: TIS / TouchInteractionService.onInputEvent: MotionEvent { action=ACTION_DOWN, actionButton=0, id[0]=0, x[0]=719.5, y[0]=940.5, toolType[0]=TOOL_TYPE_UNKNOWN, buttonState=BUTTON_PRIMARY, classification=NONE, metaState=0, flags=0x0, edgeFlags=0x0, pointerCount=1, historySize=0, eventTime=14406256, downTime=14406256, deviceId=-1, source=0x1002, displayId=0, eventId=-523963174 }
03-18 21:04:19.516  1477  1477 D TaplEvents: TIS / TouchInteractionService.onInputEvent: MotionEvent { action=ACTION_UP, actionButton=0, id[0]=0, x[0]=719.5, y[0]=940.5, toolType[0]=TOOL_TYPE_UNKNOWN, buttonState=BUTTON_PRIMARY, classification=NONE, metaState=0, flags=0x0, edgeFlags=0x0, pointerCount=1, historySize=0, eventTime=14406298, downTime=14406256, deviceId=-1, source=0x1002, displayId=0, eventId=-520728510 }
03-18 21:04:19.522 29950 29950 D InputMethodManager: showSoftInput() view=androidx.appcompat.widget.AppCompatEditText{7a0e1f5 VFED..CL. .F.P..ID 56,530-1384,688 #7f0900cb app:id/et_subject aid=1073741827} flags=0 reason=SHOW_SOFT_INPUT
03-18 21:04:19.522  1862  1862 I GoogleInputMethodService: GoogleInputMethodService.onFinishInput():3220
03-18 21:04:19.525  1862  1862 I GoogleInputMethodService: GoogleInputMethodService.updateDeviceLockedStatus():2114 repeatCheckTimes = 0, unlocked = true
03-18 21:04:19.526  1862  1862 I GoogleInputMethodService: GoogleInputMethodService.onStartInput():1919 onStartInput(EditorInfo{inputType=0x20001(Normal) imeOptions=0x4c000005 privateImeOptions=null actionName=NEXT actionLabel=null actionId=0 initialSelStart=0 initialSelEnd=0 initialCapsMode=0x0 hintText=non-empty label=null packageName=ca.dal.cs.csci3130.g01 fieldId=2131296459 fieldName=null extras=Bundle[mParcelledData.dataSize=240]}, false)
03-18 21:04:19.530  1862  1862 I GoogleInputMethodService: GoogleInputMethodService.updateDeviceLockedStatus():2114 repeatCheckTimes = 2, unlocked = true
03-18 21:04:19.532  1862  1862 I DeviceModeUtil: DeviceModeUtil.getDeviceMode():117 Get device mode phone by ui mode:1 and smallestScreenWidthDp:411
03-18 21:04:19.533  1862  1862 I GoogleInputMethodService: GoogleInputMethodService.onStartInputView():2023 onStartInputView(EditorInfo{inputType=0x20001(Normal) imeOptions=0x4c000005 privateImeOptions=null actionName=NEXT actionLabel=null actionId=0 initialSelStart=0 initialSelEnd=0 initialCapsMode=0x0 hintText=non-empty label=null packageName=ca.dal.cs.csci3130.g01 fieldId=2131296459 fieldName=null extras=Bundle[{android.support.text.emoji.emojiCompat_metadataVersion=8, android.support.text.emoji.emojiCompat_replaceAll=false}]}, false)
03-18 21:04:19.534  1862  1862 I GoogleInputMethodService: GoogleInputMethodService.updateDeviceLockedStatus():2114 repeatCheckTimes = 2, unlocked = true
03-18 21:04:19.542  1862  1862 I KeyboardViewUtil: KeyboardViewUtil.getKeyboardHeightRatio():168 systemKeyboardHeightRatio:1.000000; userKeyboardHeightRatio:1.000000.
03-18 21:04:19.543  1862  1968 I DeviceModeUtil: DeviceModeUtil.getDeviceMode():117 Get device mode phone by ui mode:1 and smallestScreenWidthDp:411
03-18 21:04:19.547  1862  1862 I AndroidIME: AbstractIme.onActivate():91 LatinIme.onActivate() : EditorInfo = inputType=0x20001(Normal) imeOptions=0x4c000005 privateImeOptions=null actionName=NEXT actionLabel=null actionId=0 initialSelStart=0 initialSelEnd=0 initialCapsMode=0x0 hintText=non-empty label=null packageName=ca.dal.cs.csci3130.g01 fieldId=2131296459 fieldName=null extras=Bundle[{android.support.text.emoji.emojiCompat_metadataVersion=8, android.support.text.emoji.emojiCompat_replaceAll=false}], IncognitoMode = false, DeviceLocked = false
03-18 21:04:19.548  1862  1862 I Delight5Facilitator: Delight5Facilitator.initializeForIme():777 initializeForIme() : Locale = [en_US], layout = qwerty
03-18 21:04:19.549  1862  1862 I VoiceInputManagerWrapper: VoiceInputManagerWrapper.cancelShutdown():55 cancelShutdown()
03-18 21:04:19.549  1862  1862 I VoiceInputManagerWrapper: VoiceInputManagerWrapper.syncLanguagePacks():67 syncLanguagePacks()
03-18 21:04:19.549  1862  1862 I LatinIme: LatinIme.updateEnableInlineSuggestionsOnDecoderSideFlags():1295 inline flag updated to:false
03-18 21:04:19.553  1862  5359 I SpeechFactory: SpeechRecognitionFactory.maybeScheduleAutoPackDownloadForFallback():202 maybeScheduleAutoPackDownloadForFallback()
03-18 21:04:19.553  1862  5359 I FallbackOnDeviceRecognitionProvider: FallbackOnDeviceRecognitionProvider.maybeScheduleAutoPackDownload():196 maybeScheduleAutoPackDownload() for language tag en-US
03-18 21:04:19.555  1862  1862 I KeyboardWrapper: KeyboardWrapper.consumeEvent():273 Skip consuming an event as current keyboard is deactivated (state=0, keyboard existence=true)
03-18 21:04:19.563  1862  1862 I KeyboardViewUtil: KeyboardViewUtil.calculateMaxKeyboardBodyHeight():44 leave 473 height for app when screen height:2952, header height:154 and isFullscreenMode:false, so the max keyboard body height is:2325
03-18 21:04:19.564  1862  1862 I DeviceModeUtil: DeviceModeUtil.getDeviceMode():117 Get device mode phone by ui mode:1 and smallestScreenWidthDp:411
03-18 21:04:19.566  1862  1862 I KeyboardViewUtil: KeyboardViewUtil.calculateMaxKeyboardBodyHeight():44 leave 473 height for app when screen height:2952, header height:154 and isFullscreenMode:false, so the max keyboard body height is:2325
03-18 21:04:19.567  1862  1862 I DeviceModeUtil: DeviceModeUtil.getDeviceMode():117 Get device mode phone by ui mode:1 and smallestScreenWidthDp:411
03-18 21:04:19.569  1862  1862 I DeviceModeUtil: DeviceModeUtil.getDeviceMode():117 Get device mode phone by ui mode:1 and smallestScreenWidthDp:411
03-18 21:04:19.569  1862  1862 I DeviceModeUtil: DeviceModeUtil.getDeviceMode():117 Get device mode phone by ui mode:1 and smallestScreenWidthDp:411
03-18 21:04:19.570  1862  1862 I NormalModeController: NormalModeController.getKeyboardBodyViewHolderPaddingBottom():111 currentPrimeKeyboardType:SOFT systemPaddingBottom:-1
03-18 21:04:19.570  1862  1862 I NormalModeController: NormalModeController.getKeyboardBodyViewHolderPaddingBottom():111 currentPrimeKeyboardType:SOFT systemPaddingBottom:-1
03-18 21:04:19.574  1862  1862 I ProactiveSuggestionsHolderManager: ProactiveSuggestionsHolderManager$3.display():214 Requesting to show proactive suggestions: CLIPBOARD PREEMPTIVE_WITH_SUPPRESSION
03-18 21:04:19.576  1862  1862 I VoiceImeExtension: VoiceImeExtension.shouldStartVoiceInputAutomatically():382 No private IME option set to start voice input.
03-18 21:04:19.582 29950 29950 W OnBackInvokedCallback: OnBackInvokedCallback is not enabled for the application.
03-18 21:04:19.582 29950 29950 W OnBackInvokedCallback: Set 'android:enableOnBackInvokedCallback="true"' in the application manifest.
03-18 21:04:19.586 29950 29950 D InsetsController: show(ime(), fromIme=true)
03-18 21:04:19.594 10879 10879 D BoundBrokerSvc: onBind: Intent { act=com.google.android.gms.common.BIND_SHARED_PREFS pkg=com.google.android.gms }
03-18 21:04:19.594 10879 10879 D BoundBrokerSvc: Loading bound service for intent: Intent { act=com.google.android.gms.common.BIND_SHARED_PREFS pkg=com.google.android.gms }
03-18 21:04:19.599 10879 10879 D BoundBrokerSvc: onUnbind: Intent { act=com.google.android.gms.common.BIND_SHARED_PREFS pkg=com.google.android.gms }
03-18 21:04:19.609  1862  1862 I DeviceModeUtil: DeviceModeUtil.getDeviceMode():117 Get device mode phone by ui mode:1 and smallestScreenWidthDp:411
03-18 21:04:19.609   471   484 W TransactionTracing: Could not find layer handle 0x78c1d02a6e50
03-18 21:04:19.612  1862  1862 I DeviceModeUtil: DeviceModeUtil.getDeviceMode():117 Get device mode phone by ui mode:1 and smallestScreenWidthDp:411
03-18 21:04:19.616  1862  1862 I NormalModeController: NormalModeController.getKeyboardBodyViewHolderPaddingBottom():111 currentPrimeKeyboardType:SOFT systemPaddingBottom:-1
03-18 21:04:19.621  1862  2720 I Delight5Decoder: Delight5DecoderWrapper.setKeyboardLayout():442 setKeyboardLayout()
03-18 21:04:19.656 10879 10879 D BoundBrokerSvc: onBind: Intent { act=com.google.android.gms.common.BIND_SHARED_PREFS pkg=com.google.android.gms }
03-18 21:04:19.656 10879 10879 D BoundBrokerSvc: Loading bound service for intent: Intent { act=com.google.android.gms.common.BIND_SHARED_PREFS pkg=com.google.android.gms }
03-18 21:04:19.659 10879 10879 D BoundBrokerSvc: onUnbind: Intent { act=com.google.android.gms.common.BIND_SHARED_PREFS pkg=com.google.android.gms }
03-18 21:04:19.668   471   484 W TransactionTracing: Could not find layer id -1
03-18 21:04:19.668   471   484 W TransactionTracing: Could not find layer id -1
03-18 21:04:19.678  1091  1173 D EGL_emulation: app_time_stats: avg=2.71ms min=1.13ms max=8.68ms count=34
03-18 21:04:19.742   471   484 W TransactionTracing: Could not find layer id -1
03-18 21:04:19.758  1862  1862 W TooltipLifecycleManager: TooltipLifecycleManager.dismissTooltips():159 Tooltip with id spell_check_add_to_dictionary not found in tooltipManager.
03-18 21:04:19.772 29950 29950 D UiControllerImpl: Injecting string: "Test 2"
03-18 21:04:19.793   655  2325 D InputDispatcher: Touch mode switch rejected, caller (pid=0, uid=10160) doesn't own the focused window nor none of the previously interacted window
03-18 21:04:19.855  1862  1862 I KeyboardViewController: KeyboardViewController.lambda$showSelfAndAncestors$6():610 current view doesn't has the priority com.google.android.apps.inputmethod.latin.keyboard.widget.LatinFixedCountCandidatesHolderView{fd83697 I.E...... ......ID 147,0-1279,154 #7f0b13d8 app:id/softkey_holder_fixed_candidates} to show itself, PREEMPTIVE
03-18 21:04:19.916  1862  1862 I KeyboardViewController: KeyboardViewController.lambda$showSelfAndAncestors$6():610 current view doesn't has the priority com.google.android.apps.inputmethod.latin.keyboard.widget.LatinFixedCountCandidatesHolderView{fd83697 I.E...... ......ID 147,0-1279,154 #7f0b13d8 app:id/softkey_holder_fixed_candidates} to show itself, PREEMPTIVE
03-18 21:04:19.964  1862  1862 I KeyboardViewController: KeyboardViewController.lambda$showSelfAndAncestors$6():610 current view doesn't has the priority com.google.android.apps.inputmethod.latin.keyboard.widget.LatinFixedCountCandidatesHolderView{fd83697 I.E...... ......ID 147,0-1279,154 #7f0b13d8 app:id/softkey_holder_fixed_candidates} to show itself, PREEMPTIVE
03-18 21:04:19.991  1862  1862 I KeyboardViewController: KeyboardViewController.lambda$showSelfAndAncestors$6():610 current view doesn't has the priority com.google.android.apps.inputmethod.latin.keyboard.widget.LatinFixedCountCandidatesHolderView{fd83697 I.E...... ......ID 147,0-1279,154 #7f0b13d8 app:id/softkey_holder_fixed_candidates} to show itself, PREEMPTIVE
03-18 21:04:20.011   471   484 W TransactionTracing: Could not find layer id -1
03-18 21:04:20.059 29950 29950 I ViewInteraction: Performing 'close keyboard' action on view view.getId() is <2131296459/ca.dal.cs.csci3130.g01:id/et_subject>
03-18 21:04:20.061 29950 29950 D IdlingRegistry: Registering idling resources: [androidx.test.espresso.action.CloseKeyboardAction$CloseKeyboardIdlingResult@8904c25]
03-18 21:04:20.063  1862  1862 W InputContextProxy: InputContextProxy.applyClientDiffInternal():920 Ignore [FetchSuggestions] diff due to stale request: 1321<1324, inputStateId=1034, lastInputStateId=1037
03-18 21:04:20.070  1862  1862 I GoogleInputMethodService: GoogleInputMethodService.onFinishInputView():2266
03-18 21:04:20.071  1862  1862 W TooltipLifecycleManager: TooltipLifecycleManager.dismissTooltips():159 Tooltip with id spell_check_add_to_dictionary not found in tooltipManager.
03-18 21:04:20.074  1862  1862 I InputBundle: InputBundle.consumeEvent():894 Skip consuming an event as keyboard status is 0
03-18 21:04:20.075  1862  1862 I KeyboardWrapper: KeyboardWrapper.consumeEvent():273 Skip consuming an event as current keyboard is deactivated (state=0, keyboard existence=true)
03-18 21:04:20.075  1862  1862 I VoiceInputManagerWrapper: VoiceInputManagerWrapper.shutdown():77 shutdown()
03-18 21:04:20.076  1862  1862 I AndroidIME: AbstractIme.onDeactivate():213 LatinIme.onDeactivate()
03-18 21:04:20.079  1862  2720 E InputContextLock: InputContextLock.maybeTrackAcquireLockTime():64 Acquire InputContextLock takes 16 ms, mainThreadForSure=false.
03-18 21:04:20.080  1862  5942 E native  : E0000 00:00:1679184260.080882    5942 keyboard.cc:26] Cannot create a keyboard with 0 valid keys
03-18 21:04:20.111  1862  1862 W InputContextProxy: InputContextProxy.applyClientDiffInternal():920 Ignore [FetchSuggestions] diff due to stale request: 1323<1326, inputStateId=1036, lastInputStateId=1038
03-18 21:04:20.394 29950 29950 D IdlingRegistry: Unregistering idling resources: [androidx.test.espresso.action.CloseKeyboardAction$CloseKeyboardIdlingResult@8904c25]
03-18 21:04:20.396 29950 29950 I ViewInteraction: Performing 'replace text()' action on view view.getId() is <2131296457/ca.dal.cs.csci3130.g01:id/et_message>
03-18 21:04:20.403 29950 29950 I ViewInteraction: Performing 'type text(This is a massage from the app)' action on view view.getId() is <2131296457/ca.dal.cs.csci3130.g01:id/et_message>
03-18 21:04:20.404 29950 29983 D EGL_emulation: app_time_stats: avg=73.70ms min=1.45ms max=356.75ms count=16
03-18 21:04:20.407  1477  1477 D TaplEvents: TIS / TouchInteractionService.onInputEvent: MotionEvent { action=ACTION_DOWN, actionButton=0, id[0]=0, x[0]=719.5, y[0]=1427.0, toolType[0]=TOOL_TYPE_UNKNOWN, buttonState=BUTTON_PRIMARY, classification=NONE, metaState=0, flags=0x0, edgeFlags=0x0, pointerCount=1, historySize=0, eventTime=14407189, downTime=14407189, deviceId=-1, source=0x1002, displayId=0, eventId=-998781185 }
03-18 21:04:20.449  1477  1477 D TaplEvents: TIS / TouchInteractionService.onInputEvent: MotionEvent { action=ACTION_UP, actionButton=0, id[0]=0, x[0]=719.5, y[0]=1427.0, toolType[0]=TOOL_TYPE_UNKNOWN, buttonState=BUTTON_PRIMARY, classification=NONE, metaState=0, flags=0x0, edgeFlags=0x0, pointerCount=1, historySize=0, eventTime=14407231, downTime=14407189, deviceId=-1, source=0x1002, displayId=0, eventId=-876405401 }
03-18 21:04:20.453 29950 29950 D InputMethodManager: showSoftInput() view=androidx.appcompat.widget.AppCompatEditText{cd70b8a VFED..CL. .F.P..ID 56,688-1384,1503 #7f0900c9 app:id/et_message aid=1073741828} flags=0 reason=SHOW_SOFT_INPUT
03-18 21:04:20.457  1862  1862 I GoogleInputMethodService: GoogleInputMethodService.onFinishInput():3220
03-18 21:04:20.457  1862  1862 I GoogleInputMethodService: GoogleInputMethodService.updateDeviceLockedStatus():2114 repeatCheckTimes = 0, unlocked = true
03-18 21:04:20.458  1862  1862 I GoogleInputMethodService: GoogleInputMethodService.onStartInput():1919 onStartInput(EditorInfo{inputType=0x20001(Normal) imeOptions=0x44000006 privateImeOptions=null actionName=DONE actionLabel=null actionId=0 initialSelStart=0 initialSelEnd=0 initialCapsMode=0x0 hintText=non-empty label=null packageName=ca.dal.cs.csci3130.g01 fieldId=2131296457 fieldName=null extras=Bundle[mParcelledData.dataSize=240]}, false)
03-18 21:04:20.460  1862  1862 I GoogleInputMethodService: GoogleInputMethodService.updateDeviceLockedStatus():2114 repeatCheckTimes = 2, unlocked = true
03-18 21:04:20.463  1862  1862 I DeviceModeUtil: DeviceModeUtil.getDeviceMode():117 Get device mode phone by ui mode:1 and smallestScreenWidthDp:411
03-18 21:04:20.465  1862  1862 I GoogleInputMethodService: GoogleInputMethodService.onStartInputView():2023 onStartInputView(EditorInfo{inputType=0x20001(Normal) imeOptions=0x44000006 privateImeOptions=null actionName=DONE actionLabel=null actionId=0 initialSelStart=0 initialSelEnd=0 initialCapsMode=0x0 hintText=non-empty label=null packageName=ca.dal.cs.csci3130.g01 fieldId=2131296457 fieldName=null extras=Bundle[{android.support.text.emoji.emojiCompat_metadataVersion=8, android.support.text.emoji.emojiCompat_replaceAll=false}]}, false)
03-18 21:04:20.467  1862  1968 I DeviceModeUtil: DeviceModeUtil.getDeviceMode():117 Get device mode phone by ui mode:1 and smallestScreenWidthDp:411
03-18 21:04:20.468  1862  1862 I GoogleInputMethodService: GoogleInputMethodService.updateDeviceLockedStatus():2114 repeatCheckTimes = 2, unlocked = true
03-18 21:04:20.469  1862  1862 I KeyboardViewUtil: KeyboardViewUtil.getKeyboardHeightRatio():168 systemKeyboardHeightRatio:1.000000; userKeyboardHeightRatio:1.000000.
03-18 21:04:20.470  1862  1862 I AndroidIME: AbstractIme.onActivate():91 LatinIme.onActivate() : EditorInfo = inputType=0x20001(Normal) imeOptions=0x44000006 privateImeOptions=null actionName=DONE actionLabel=null actionId=0 initialSelStart=0 initialSelEnd=0 initialCapsMode=0x0 hintText=non-empty label=null packageName=ca.dal.cs.csci3130.g01 fieldId=2131296457 fieldName=null extras=Bundle[{android.support.text.emoji.emojiCompat_metadataVersion=8, android.support.text.emoji.emojiCompat_replaceAll=false}], IncognitoMode = false, DeviceLocked = false
03-18 21:04:20.470  1862  1862 I Delight5Facilitator: Delight5Facilitator.initializeForIme():777 initializeForIme() : Locale = [en_US], layout = qwerty
03-18 21:04:20.471  1862  1862 I VoiceInputManagerWrapper: VoiceInputManagerWrapper.cancelShutdown():55 cancelShutdown()
03-18 21:04:20.471  1862  1862 I VoiceInputManagerWrapper: VoiceInputManagerWrapper.syncLanguagePacks():67 syncLanguagePacks()
03-18 21:04:20.471  1862  1862 I LatinIme: LatinIme.updateEnableInlineSuggestionsOnDecoderSideFlags():1295 inline flag updated to:false
03-18 21:04:20.473  1862  5359 I SpeechFactory: SpeechRecognitionFactory.maybeScheduleAutoPackDownloadForFallback():202 maybeScheduleAutoPackDownloadForFallback()
03-18 21:04:20.473  1862  5359 I FallbackOnDeviceRecognitionProvider: FallbackOnDeviceRecognitionProvider.maybeScheduleAutoPackDownload():196 maybeScheduleAutoPackDownload() for language tag en-US
03-18 21:04:20.473  1862  1862 I KeyboardWrapper: KeyboardWrapper.consumeEvent():273 Skip consuming an event as current keyboard is deactivated (state=0, keyboard existence=true)
